Archive member included to satisfy reference by file (symbol)

../Middlewares/ST/AI/Lib\NetworkRuntime720_CM4_GCC.a(ai_platform.o)
                              ./X-CUBE-AI/App/small_model.o (ai_buffer_array_item_set_address)
../Middlewares/ST/AI/Lib\NetworkRuntime720_CM4_GCC.a(ai_platform_interface.o)
                              ./X-CUBE-AI/App/small_model.o (ai_platform_get_weights_map)
../Middlewares/ST/AI/Lib\NetworkRuntime720_CM4_GCC.a(core_mem_manager.o)
                              ../Middlewares/ST/AI/Lib\NetworkRuntime720_CM4_GCC.a(ai_platform_interface.o) (core_mem_alloc)
../Middlewares/ST/AI/Lib\NetworkRuntime720_CM4_GCC.a(core_common.o)
                              ../Middlewares/ST/AI/Lib\NetworkRuntime720_CM4_GCC.a(ai_platform_interface.o) (core_init)
../Middlewares/ST/AI/Lib\NetworkRuntime720_CM4_GCC.a(layers_conv2d_generic_float.o)
                              ./X-CUBE-AI/App/small_model.o (forward_conv2d_nl_pool)
../Middlewares/ST/AI/Lib\NetworkRuntime720_CM4_GCC.a(layers_pool_generic_float.o)
                              ./X-CUBE-AI/App/small_model.o (pool_func_mp_array_f32)
../Middlewares/ST/AI/Lib\NetworkRuntime720_CM4_GCC.a(layers_nl_generic_float.o)
                              ./X-CUBE-AI/App/small_model.o (nl_func_relu_array_f32)
../Middlewares/ST/AI/Lib\NetworkRuntime720_CM4_GCC.a(layers.o)
                              ../Middlewares/ST/AI/Lib\NetworkRuntime720_CM4_GCC.a(ai_platform_interface.o) (ai_check_custom_types)
../Middlewares/ST/AI/Lib\NetworkRuntime720_CM4_GCC.a(arm_mat_init_f32.o)
                              ../Middlewares/ST/AI/Lib\NetworkRuntime720_CM4_GCC.a(layers_conv2d_generic_float.o) (st_dsp_arm_mat_init_f32)
../Middlewares/ST/AI/Lib\NetworkRuntime720_CM4_GCC.a(ai_datatypes_internal.o)
                              ../Middlewares/ST/AI/Lib\NetworkRuntime720_CM4_GCC.a(ai_platform_interface.o) (ai_version_get)
../Middlewares/ST/AI/Lib\NetworkRuntime720_CM4_GCC.a(ai_datatypes_format.o)
                              ../Middlewares/ST/AI/Lib\NetworkRuntime720_CM4_GCC.a(ai_platform_interface.o) (ai_array_to_buffer_fmt)
../Middlewares/ST/AI/Lib\NetworkRuntime720_CM4_GCC.a(ai_math_helpers.o)
                              ../Middlewares/ST/AI/Lib\NetworkRuntime720_CM4_GCC.a(layers_nl_generic_float.o) (ai_math_sqrt)
../Middlewares/ST/AI/Lib\NetworkRuntime720_CM4_GCC.a(st_convolve_reference.o)
                              ../Middlewares/ST/AI/Lib\NetworkRuntime720_CM4_GCC.a(ai_math_helpers.o) (align_factor)
d:/st/stm32cubeide_1.8.0/stm32cubeide/plugins/com.st.stm32cube.ide.mcu.externaltools.gnu-tools-for-stm32.10.3-2021.10.win32_1.0.0.202111181127/tools/bin/../lib/gcc/arm-none-eabi/10.3.1/../../../../arm-none-eabi/lib/thumb/v7e-m+fp/hard\libc_nano.a(lib_a-errno.o)
                              ./Core/Src/sysmem.o (__errno)
d:/st/stm32cubeide_1.8.0/stm32cubeide/plugins/com.st.stm32cube.ide.mcu.externaltools.gnu-tools-for-stm32.10.3-2021.10.win32_1.0.0.202111181127/tools/bin/../lib/gcc/arm-none-eabi/10.3.1/../../../../arm-none-eabi/lib/thumb/v7e-m+fp/hard\libc_nano.a(lib_a-exit.o)
                              d:/st/stm32cubeide_1.8.0/stm32cubeide/plugins/com.st.stm32cube.ide.mcu.externaltools.gnu-tools-for-stm32.10.3-2021.10.win32_1.0.0.202111181127/tools/bin/../lib/gcc/arm-none-eabi/10.3.1/../../../../arm-none-eabi/lib/thumb/v7e-m+fp/hard/crt0.o (exit)
d:/st/stm32cubeide_1.8.0/stm32cubeide/plugins/com.st.stm32cube.ide.mcu.externaltools.gnu-tools-for-stm32.10.3-2021.10.win32_1.0.0.202111181127/tools/bin/../lib/gcc/arm-none-eabi/10.3.1/../../../../arm-none-eabi/lib/thumb/v7e-m+fp/hard\libc_nano.a(lib_a-impure.o)
                              d:/st/stm32cubeide_1.8.0/stm32cubeide/plugins/com.st.stm32cube.ide.mcu.externaltools.gnu-tools-for-stm32.10.3-2021.10.win32_1.0.0.202111181127/tools/bin/../lib/gcc/arm-none-eabi/10.3.1/../../../../arm-none-eabi/lib/thumb/v7e-m+fp/hard\libc_nano.a(lib_a-exit.o) (_global_impure_ptr)
d:/st/stm32cubeide_1.8.0/stm32cubeide/plugins/com.st.stm32cube.ide.mcu.externaltools.gnu-tools-for-stm32.10.3-2021.10.win32_1.0.0.202111181127/tools/bin/../lib/gcc/arm-none-eabi/10.3.1/../../../../arm-none-eabi/lib/thumb/v7e-m+fp/hard\libc_nano.a(lib_a-init.o)
                              d:/st/stm32cubeide_1.8.0/stm32cubeide/plugins/com.st.stm32cube.ide.mcu.externaltools.gnu-tools-for-stm32.10.3-2021.10.win32_1.0.0.202111181127/tools/bin/../lib/gcc/arm-none-eabi/10.3.1/../../../../arm-none-eabi/lib/thumb/v7e-m+fp/hard/crt0.o (__libc_init_array)
d:/st/stm32cubeide_1.8.0/stm32cubeide/plugins/com.st.stm32cube.ide.mcu.externaltools.gnu-tools-for-stm32.10.3-2021.10.win32_1.0.0.202111181127/tools/bin/../lib/gcc/arm-none-eabi/10.3.1/../../../../arm-none-eabi/lib/thumb/v7e-m+fp/hard\libc_nano.a(lib_a-malloc.o)
                              ../Middlewares/ST/AI/Lib\NetworkRuntime720_CM4_GCC.a(core_mem_manager.o) (malloc)
[...]
Memory Configuration

Name             Origin             Length             Attributes
RAM              0x0000000020000000 0x00000000000a0000 xrw
RAM2             0x0000000010000000 0x0000000000010000 xrw
RAM3             0x0000000020040000 0x0000000000060000 xrw
FLASH            0x0000000008000000 0x0000000000200000 xr
*default*        0x0000000000000000 0xffffffffffffffff

Linker script and memory map

LOAD d:/st/stm32cubeide_1.8.0/stm32cubeide/plugins/com.st.stm32cube.ide.mcu.externaltools.gnu-tools-for-stm32.10.3-2021.10.win32_1.0.0.202111181127/tools/bin/../lib/gcc/arm-none-eabi/10.3.1/thumb/v7e-m+fp/hard/crti.o
LOAD d:/st/stm32cubeide_1.8.0/stm32cubeide/plugins/com.st.stm32cube.ide.mcu.externaltools.gnu-tools-for-stm32.10.3-2021.10.win32_1.0.0.202111181127/tools/bin/../lib/gcc/arm-none-eabi/10.3.1/thumb/v7e-m+fp/hard/crtbegin.o
LOAD d:/st/stm32cubeide_1.8.0/stm32cubeide/plugins/com.st.stm32cube.ide.mcu.externaltools.gnu-tools-for-stm32.10.3-2021.10.win32_1.0.0.202111181127/tools/bin/../lib/gcc/arm-none-eabi/10.3.1/../../../../arm-none-eabi/lib/thumb/v7e-m+fp/hard/crt0.o
LOAD ./Core/Src/main.o
LOAD ./Core/Src/stm32l4xx_hal_msp.o
LOAD ./Core/Src/stm32l4xx_it.o
LOAD ./Core/Src/sysmem.o
LOAD ./Core/Src/system_stm32l4xx.o
LOAD ./Core/Startup/startup_stm32l4r9aiix.o
LOAD ./Drivers/STM32L4xx_HAL_Driver/Src/stm32l4xx_hal.o
LOAD ./Drivers/STM32L4xx_HAL_Driver/Src/stm32l4xx_hal_cortex.o
LOAD ./Drivers/STM32L4xx_HAL_Driver/Src/stm32l4xx_hal_crc.o
LOAD ./Drivers/STM32L4xx_HAL_Driver/Src/stm32l4xx_hal_crc_ex.o
LOAD ./Drivers/STM32L4xx_HAL_Driver/Src/stm32l4xx_hal_dma.o
LOAD ./Drivers/STM32L4xx_HAL_Driver/Src/stm32l4xx_hal_dma_ex.o
LOAD ./Drivers/STM32L4xx_HAL_Driver/Src/stm32l4xx_hal_exti.o
LOAD ./Drivers/STM32L4xx_HAL_Driver/Src/stm32l4xx_hal_flash.o
LOAD ./Drivers/STM32L4xx_HAL_Driver/Src/stm32l4xx_hal_flash_ex.o
LOAD ./Drivers/STM32L4xx_HAL_Driver/Src/stm32l4xx_hal_flash_ramfunc.o
LOAD ./Drivers/STM32L4xx_HAL_Driver/Src/stm32l4xx_hal_gpio.o
LOAD ./Drivers/STM32L4xx_HAL_Driver/Src/stm32l4xx_hal_i2c.o
LOAD ./Drivers/STM32L4xx_HAL_Driver/Src/stm32l4xx_hal_i2c_ex.o
LOAD ./Drivers/STM32L4xx_HAL_Driver/Src/stm32l4xx_hal_pcd.o
LOAD ./Drivers/STM32L4xx_HAL_Driver/Src/stm32l4xx_hal_pcd_ex.o
LOAD ./Drivers/STM32L4xx_HAL_Driver/Src/stm32l4xx_hal_pwr.o
LOAD ./Drivers/STM32L4xx_HAL_Driver/Src/stm32l4xx_hal_pwr_ex.o
LOAD ./Drivers/STM32L4xx_HAL_Driver/Src/stm32l4xx_hal_rcc.o
LOAD ./Drivers/STM32L4xx_HAL_Driver/Src/stm32l4xx_hal_rcc_ex.o
LOAD ./Drivers/STM32L4xx_HAL_Driver/Src/stm32l4xx_hal_sai.o
LOAD ./Drivers/STM32L4xx_HAL_Driver/Src/stm32l4xx_hal_sai_ex.o
LOAD ./Drivers/STM32L4xx_HAL_Driver/Src/stm32l4xx_hal_sd.o
LOAD ./Drivers/STM32L4xx_HAL_Driver/Src/stm32l4xx_hal_sd_ex.o
LOAD ./Drivers/STM32L4xx_HAL_Driver/Src/stm32l4xx_hal_spi.o
LOAD ./Drivers/STM32L4xx_HAL_Driver/Src/stm32l4xx_hal_spi_ex.o
LOAD ./Drivers/STM32L4xx_HAL_Driver/Src/stm32l4xx_hal_sram.o
LOAD ./Drivers/STM32L4xx_HAL_Driver/Src/stm32l4xx_hal_tim.o
LOAD ./Drivers/STM32L4xx_HAL_Driver/Src/stm32l4xx_hal_tim_ex.o
LOAD ./Drivers/STM32L4xx_HAL_Driver/Src/stm32l4xx_hal_uart.o
LOAD ./Drivers/STM32L4xx_HAL_Driver/Src/stm32l4xx_hal_uart_ex.o
LOAD ./Drivers/STM32L4xx_HAL_Driver/Src/stm32l4xx_ll_fmc.o
LOAD ./Drivers/STM32L4xx_HAL_Driver/Src/stm32l4xx_ll_sdmmc.o
LOAD ./Drivers/STM32L4xx_HAL_Driver/Src/stm32l4xx_ll_usb.o
LOAD ./X-CUBE-AI/App/app_x-cube-ai.o
LOAD ./X-CUBE-AI/App/small_model.o
LOAD ./X-CUBE-AI/App/small_model_data.o
LOAD ./X-CUBE-AI/App/small_model_data_params.o
LOAD ../Middlewares/ST/AI/Lib\NetworkRuntime720_CM4_GCC.a
START GROUP
LOAD d:/st/stm32cubeide_1.8.0/stm32cubeide/plugins/com.st.stm32cube.ide.mcu.externaltools.gnu-tools-for-stm32.10.3-2021.10.win32_1.0.0.202111181127/tools/bin/../lib/gcc/arm-none-eabi/10.3.1/../../../../arm-none-eabi/lib/thumb/v7e-m+fp/hard\libc_nano.a
LOAD d:/st/stm32cubeide_1.8.0/stm32cubeide/plugins/com.st.stm32cube.ide.mcu.externaltools.gnu-tools-for-stm32.10.3-2021.10.win32_1.0.0.202111181127/tools/bin/../lib/gcc/arm-none-eabi/10.3.1/../../../../arm-none-eabi/lib/thumb/v7e-m+fp/hard\libm.a
END GROUP
START GROUP
LOAD d:/st/stm32cubeide_1.8.0/stm32cubeide/plugins/com.st.stm32cube.ide.mcu.externaltools.gnu-tools-for-stm32.10.3-2021.10.win32_1.0.0.202111181127/tools/bin/../lib/gcc/arm-none-eabi/10.3.1/thumb/v7e-m+fp/hard\libgcc.a
LOAD d:/st/stm32cubeide_1.8.0/stm32cubeide/plugins/com.st.stm32cube.ide.mcu.externaltools.gnu-tools-for-stm32.10.3-2021.10.win32_1.0.0.202111181127/tools/bin/../lib/gcc/arm-none-eabi/10.3.1/../../../../arm-none-eabi/lib/thumb/v7e-m+fp/hard\libc_nano.a
END GROUP
START GROUP
LOAD d:/st/stm32cubeide_1.8.0/stm32cubeide/plugins/com.st.stm32cube.ide.mcu.externaltools.gnu-tools-for-stm32.10.3-2021.10.win32_1.0.0.202111181127/tools/bin/../lib/gcc/arm-none-eabi/10.3.1/thumb/v7e-m+fp/hard\libgcc.a
LOAD d:/st/stm32cubeide_1.8.0/stm32cubeide/plugins/com.st.stm32cube.ide.mcu.externaltools.gnu-tools-for-stm32.10.3-2021.10.win32_1.0.0.202111181127/tools/bin/../lib/gcc/arm-none-eabi/10.3.1/../../../../arm-none-eabi/lib/thumb/v7e-m+fp/hard\libc_nano.a
LOAD d:/st/stm32cubeide_1.8.0/stm32cubeide/plugins/com.st.stm32cube.ide.mcu.externaltools.gnu-tools-for-stm32.10.3-2021.10.win32_1.0.0.202111181127/tools/bin/../lib/gcc/arm-none-eabi/10.3.1/../../../../arm-none-eabi/lib/thumb/v7e-m+fp/hard\libnosys.a
END GROUP
START GROUP
LOAD d:/st/stm32cubeide_1.8.0/stm32cubeide/plugins/com.st.stm32cube.ide.mcu.externaltools.gnu-tools-for-stm32.10.3-2021.10.win32_1.0.0.202111181127/tools/bin/../lib/gcc/arm-none-eabi/10.3.1/thumb/v7e-m+fp/hard\libgcc.a
LOAD d:/st/stm32cubeide_1.8.0/stm32cubeide/plugins/com.st.stm32cube.ide.mcu.externaltools.gnu-tools-for-stm32.10.3-2021.10.win32_1.0.0.202111181127/tools/bin/../lib/gcc/arm-none-eabi/10.3.1/../../../../arm-none-eabi/lib/thumb/v7e-m+fp/hard\libc_nano.a
LOAD d:/st/stm32cubeide_1.8.0/stm32cubeide/plugins/com.st.stm32cube.ide.mcu.externaltools.gnu-tools-for-stm32.10.3-2021.10.win32_1.0.0.202111181127/tools/bin/../lib/gcc/arm-none-eabi/10.3.1/../../../../arm-none-eabi/lib/thumb/v7e-m+fp/hard\libnosys.a
END GROUP
LOAD d:/st/stm32cubeide_1.8.0/stm32cubeide/plugins/com.st.stm32cube.ide.mcu.externaltools.gnu-tools-for-stm32.10.3-2021.10.win32_1.0.0.202111181127/tools/bin/../lib/gcc/arm-none-eabi/10.3.1/thumb/v7e-m+fp/hard/crtend.o
LOAD d:/st/stm32cubeide_1.8.0/stm32cubeide/plugins/com.st.stm32cube.ide.mcu.externaltools.gnu-tools-for-stm32.10.3-2021.10.win32_1.0.0.202111181127/tools/bin/../lib/gcc/arm-none-eabi/10.3.1/thumb/v7e-m+fp/hard/crtn.o
                0x00000000200a0000                _estack = (ORIGIN (RAM) + LENGTH (RAM))
                0x0000000000000800                _Min_Heap_Size = 0x800
                0x0000000000000800                _Min_Stack_Size = 0x800

.isr_vector     0x0000000008000000      0x1bc
                0x0000000008000000                . = ALIGN (0x4)
 *(.isr_vector)
 .isr_vector    0x0000000008000000      0x1bc ./Core/Startup/startup_stm32l4r9aiix.o
                0x0000000008000000                g_pfnVectors
                0x00000000080001bc                . = ALIGN (0x4)

.text           0x00000000080001c0     0xb300
                0x00000000080001c0                . = ALIGN (0x4)
 *(.text)
 .text          0x00000000080001c0       0x40 d:/st/stm32cubeide_1.8.0/stm32cubeide/plugins/com.st.stm32cube.ide.mcu.externaltools.gnu-tools-for-stm32.10.3-2021.10.win32_1.0.0.202111181127/tools/bin/../lib/gcc/arm-none-eabi/10.3.1/thumb/v7e-m+fp/hard/crtbegin.o
 .text          0x0000000008000200       0xa0 d:/st/stm32cubeide_1.8.0/stm32cubeide/plugins/com.st.stm32cube.ide.mcu.externaltools.gnu-tools-for-stm32.10.3-2021.10.win32_1.0.0.202111181127/tools/bin/../lib/gcc/arm-none-eabi/10.3.1/../../../../arm-none-eabi/lib/thumb/v7e-m+fp/hard\libc_nano.a(lib_a-memchr.o)
                0x0000000008000200                memchr
 .text          0x00000000080002a0       0x30 d:/st/stm32cubeide_1.8.0/stm32cubeide/plugins/com.st.stm32cube.ide.mcu.externaltools.gnu-tools-for-stm32.10.3-2021.10.win32_1.0.0.202111181127/tools/bin/../lib/gcc/arm-none-eabi/10.3.1/thumb/v7e-m+fp/hard\libgcc.a(_aeabi_uldivmod.o)
                0x00000000080002a0                __aeabi_uldivmod
 .text          0x00000000080002d0      0x2d0 d:/st/stm32cubeide_1.8.0/stm32cubeide/plugins/com.st.stm32cube.ide.mcu.externaltools.gnu-tools-for-stm32.10.3-2021.10.win32_1.0.0.202111181127/tools/bin/../lib/gcc/arm-none-eabi/10.3.1/thumb/v7e-m+fp/hard\libgcc.a(_udivmoddi4.o)
                0x00000000080002d0                __udivmoddi4
 .text          0x00000000080005a0        0x4 d:/st/stm32cubeide_1.8.0/stm32cubeide/plugins/com.st.stm32cube.ide.mcu.externaltools.gnu-tools-for-stm32.10.3-2021.10.win32_1.0.0.202111181127/tools/bin/../lib/gcc/arm-none-eabi/10.3.1/thumb/v7e-m+fp/hard\libgcc.a(_dvmd_tls.o)
                0x00000000080005a0                __aeabi_idiv0
                0x00000000080005a0                __aeabi_ldiv0
 *(.text*)
 .text.main     0x00000000080005a4       0x36 ./Core/Src/main.o
                0x00000000080005a4                main
 *fill*         0x00000000080005da        0x2 
 .text.SystemClock_Config
                0x00000000080005dc      0x12c ./Core/Src/main.o
                0x00000000080005dc                SystemClock_Config
 .text.MX_CRC_Init
                0x0000000008000708       0x44 ./Core/Src/main.o
 .text.MX_I2C1_Init
                0x000000000800074c       0x80 ./Core/Src/main.o
 .text.MX_SAI1_Init
                0x00000000080007cc       0xd0 ./Core/Src/main.o
 .text.MX_SPI2_Init
                0x000000000800089c       0x7c ./Core/Src/main.o
 .text.MX_USART2_UART_Init
                0x0000000008000918       0x98 ./Core/Src/main.o
 .text.MX_USART3_UART_Init
                0x00000000080009b0       0x98 ./Core/Src/main.o
 .text.MX_FMC_Init
                0x0000000008000a48       0xcc ./Core/Src/main.o
 .text.MX_GPIO_Init
                0x0000000008000b14      0x43c ./Core/Src/main.o
 .text.Error_Handler
                0x0000000008000f50        0xa ./Core/Src/main.o
                0x0000000008000f50                Error_Handler
 *fill*         0x0000000008000f5a        0x2 
 .text.HAL_MspInit
                0x0000000008000f5c       0x48 ./Core/Src/stm32l4xx_hal_msp.o
                0x0000000008000f5c                HAL_MspInit
 .text.HAL_CRC_MspInit
                0x0000000008000fa4       0x40 ./Core/Src/stm32l4xx_hal_msp.o
                0x0000000008000fa4                HAL_CRC_MspInit
 .text.HAL_I2C_MspInit
                0x0000000008000fe4       0xc8 ./Core/Src/stm32l4xx_hal_msp.o
                0x0000000008000fe4                HAL_I2C_MspInit
 .text.HAL_SPI_MspInit
                0x00000000080010ac       0xc4 ./Core/Src/stm32l4xx_hal_msp.o
                0x00000000080010ac                HAL_SPI_MspInit
 .text.HAL_UART_MspInit
                0x0000000008001170      0x128 ./Core/Src/stm32l4xx_hal_msp.o
                0x0000000008001170                HAL_UART_MspInit
 .text.HAL_FMC_MspInit
                0x0000000008001298       0xfc ./Core/Src/stm32l4xx_hal_msp.o
 .text.HAL_SRAM_MspInit
                0x0000000008001394       0x14 ./Core/Src/stm32l4xx_hal_msp.o
                0x0000000008001394                HAL_SRAM_MspInit
 .text.HAL_SAI_MspInit
                0x00000000080013a8       0x9c ./Core/Src/stm32l4xx_hal_msp.o
                0x00000000080013a8                HAL_SAI_MspInit
 .text.NMI_Handler
                0x0000000008001444        0x6 ./Core/Src/stm32l4xx_it.o
                0x0000000008001444                NMI_Handler
 .text.HardFault_Handler
                0x000000000800144a        0x6 ./Core/Src/stm32l4xx_it.o
                0x000000000800144a                HardFault_Handler
 .text.MemManage_Handler
                0x0000000008001450        0x6 ./Core/Src/stm32l4xx_it.o
                0x0000000008001450                MemManage_Handler
 .text.BusFault_Handler
                0x0000000008001456        0x6 ./Core/Src/stm32l4xx_it.o
                0x0000000008001456                BusFault_Handler
 .text.UsageFault_Handler
                0x000000000800145c        0x6 ./Core/Src/stm32l4xx_it.o
                0x000000000800145c                UsageFault_Handler
 .text.SVC_Handler
                0x0000000008001462        0xe ./Core/Src/stm32l4xx_it.o
                0x0000000008001462                SVC_Handler
 .text.DebugMon_Handler
                0x0000000008001470        0xe ./Core/Src/stm32l4xx_it.o
                0x0000000008001470                DebugMon_Handler
 .text.PendSV_Handler
                0x000000000800147e        0xe ./Core/Src/stm32l4xx_it.o
                0x000000000800147e                PendSV_Handler
 .text.SysTick_Handler
                0x000000000800148c        0xc ./Core/Src/stm32l4xx_it.o
                0x000000000800148c                SysTick_Handler
 .text._sbrk    0x0000000008001498       0x6c ./Core/Src/sysmem.o
                0x0000000008001498                _sbrk
 .text.SystemInit
                0x0000000008001504       0x24 ./Core/Src/system_stm32l4xx.o
                0x0000000008001504                SystemInit
 .text.Reset_Handler
                0x0000000008001528       0x50 ./Core/Startup/startup_stm32l4r9aiix.o
                0x0000000008001528                Reset_Handler
 .text.Default_Handler
                0x0000000008001578        0x2 ./Core/Startup/startup_stm32l4r9aiix.o
                0x0000000008001578                RTC_Alarm_IRQHandler
                0x0000000008001578                EXTI2_IRQHandler
                0x0000000008001578                TIM8_TRG_COM_IRQHandler
                0x0000000008001578                TIM8_CC_IRQHandler
                0x0000000008001578                TIM1_CC_IRQHandler
                0x0000000008001578                TSC_IRQHandler
                0x0000000008001578                TAMP_STAMP_IRQHandler
                0x0000000008001578                EXTI3_IRQHandler
                0x0000000008001578                LPTIM2_IRQHandler
                0x0000000008001578                DFSDM1_FLT1_IRQHandler
                0x0000000008001578                GFXMMU_IRQHandler
                0x0000000008001578                I2C3_ER_IRQHandler
                0x0000000008001578                DFSDM1_FLT2_IRQHandler
                0x0000000008001578                EXTI0_IRQHandler
                0x0000000008001578                I2C2_EV_IRQHandler
                0x0000000008001578                CAN1_RX0_IRQHandler
                0x0000000008001578                FPU_IRQHandler
                0x0000000008001578                TIM1_UP_TIM16_IRQHandler
                0x0000000008001578                LTDC_ER_IRQHandler
                0x0000000008001578                SPI1_IRQHandler
                0x0000000008001578                OCTOSPI1_IRQHandler
                0x0000000008001578                TIM6_DAC_IRQHandler
                0x0000000008001578                DCMI_IRQHandler
                0x0000000008001578                TIM8_UP_IRQHandler
                0x0000000008001578                OCTOSPI2_IRQHandler
                0x0000000008001578                DMA2_Channel2_IRQHandler
                0x0000000008001578                DMA1_Channel4_IRQHandler
                0x0000000008001578                SAI2_IRQHandler
                0x0000000008001578                ADC1_IRQHandler
                0x0000000008001578                DFSDM1_FLT3_IRQHandler
                0x0000000008001578                USART3_IRQHandler
                0x0000000008001578                DMA1_Channel7_IRQHandler
                0x0000000008001578                CAN1_RX1_IRQHandler
                0x0000000008001578                UART5_IRQHandler
                0x0000000008001578                TIM4_IRQHandler
                0x0000000008001578                DMA2_Channel1_IRQHandler
                0x0000000008001578                I2C1_EV_IRQHandler
                0x0000000008001578                DMAMUX1_OVR_IRQHandler
                0x0000000008001578                DMA1_Channel6_IRQHandler
                0x0000000008001578                UART4_IRQHandler
                0x0000000008001578                DMA2_Channel4_IRQHandler
                0x0000000008001578                TIM3_IRQHandler
                0x0000000008001578                RCC_IRQHandler
                0x0000000008001578                DMA1_Channel1_IRQHandler
                0x0000000008001578                Default_Handler
                0x0000000008001578                DMA2_Channel7_IRQHandler
                0x0000000008001578                EXTI15_10_IRQHandler
                0x0000000008001578                TIM7_IRQHandler
                0x0000000008001578                SDMMC1_IRQHandler
                0x0000000008001578                TIM5_IRQHandler
                0x0000000008001578                I2C3_EV_IRQHandler
                0x0000000008001578                EXTI9_5_IRQHandler
                0x0000000008001578                RTC_WKUP_IRQHandler
                0x0000000008001578                LTDC_IRQHandler
                0x0000000008001578                PVD_PVM_IRQHandler
                0x0000000008001578                SPI2_IRQHandler
                0x0000000008001578                CAN1_TX_IRQHandler
                0x0000000008001578                DMA2_Channel5_IRQHandler
                0x0000000008001578                CRS_IRQHandler
                0x0000000008001578                DMA1_Channel5_IRQHandler
                0x0000000008001578                EXTI4_IRQHandler
                0x0000000008001578                RNG_IRQHandler
                0x0000000008001578                TIM1_TRG_COM_TIM17_IRQHandler
                0x0000000008001578                DMA1_Channel3_IRQHandler
                0x0000000008001578                COMP_IRQHandler
                0x0000000008001578                DSI_IRQHandler
                0x0000000008001578                WWDG_IRQHandler
                0x0000000008001578                I2C4_EV_IRQHandler
                0x0000000008001578                LPUART1_IRQHandler
                0x0000000008001578                DMA2_Channel6_IRQHandler
                0x0000000008001578                TIM2_IRQHandler
                0x0000000008001578                DMA2D_IRQHandler
                0x0000000008001578                EXTI1_IRQHandler
                0x0000000008001578                USART2_IRQHandler
                0x0000000008001578                DFSDM1_FLT0_IRQHandler
                0x0000000008001578                I2C2_ER_IRQHandler
                0x0000000008001578                DMA1_Channel2_IRQHandler
                0x0000000008001578                TIM8_BRK_IRQHandler
                0x0000000008001578                CAN1_SCE_IRQHandler
                0x0000000008001578                FLASH_IRQHandler
                0x0000000008001578                USART1_IRQHandler
                0x0000000008001578                OTG_FS_IRQHandler
                0x0000000008001578                SPI3_IRQHandler
                0x0000000008001578                I2C1_ER_IRQHandler
                0x0000000008001578                FMC_IRQHandler
                0x0000000008001578                LPTIM1_IRQHandler
                0x0000000008001578                I2C4_ER_IRQHandler
                0x0000000008001578                SAI1_IRQHandler
                0x0000000008001578                DMA2_Channel3_IRQHandler
                0x0000000008001578                TIM1_BRK_TIM15_IRQHandler
 .text.HAL_Init
                0x000000000800157a       0x30 ./Drivers/STM32L4xx_HAL_Driver/Src/stm32l4xx_hal.o
                0x000000000800157a                HAL_Init
 *fill*         0x00000000080015aa        0x2 
 .text.HAL_InitTick
                0x00000000080015ac       0x78 ./Drivers/STM32L4xx_HAL_Driver/Src/stm32l4xx_hal.o
                0x00000000080015ac                HAL_InitTick
 .text.HAL_IncTick
                0x0000000008001624       0x28 ./Drivers/STM32L4xx_HAL_Driver/Src/stm32l4xx_hal.o
                0x0000000008001624                HAL_IncTick
 .text.HAL_GetTick
                0x000000000800164c       0x18 ./Drivers/STM32L4xx_HAL_Driver/Src/stm32l4xx_hal.o
                0x000000000800164c                HAL_GetTick
 .text.HAL_Delay
                0x0000000008001664       0x48 ./Drivers/STM32L4xx_HAL_Driver/Src/stm32l4xx_hal.o
                0x0000000008001664                HAL_Delay
 .text.__NVIC_SetPriorityGrouping
                0x00000000080016ac       0x48 ./Drivers/STM32L4xx_HAL_Driver/Src/stm32l4xx_hal_cortex.o
 .text.__NVIC_GetPriorityGrouping
                0x00000000080016f4       0x1c ./Drivers/STM32L4xx_HAL_Driver/Src/stm32l4xx_hal_cortex.o
 .text.__NVIC_SetPriority
                0x0000000008001710       0x54 ./Drivers/STM32L4xx_HAL_Driver/Src/stm32l4xx_hal_cortex.o
 .text.NVIC_EncodePriority
                0x0000000008001764       0x66 ./Drivers/STM32L4xx_HAL_Driver/Src/stm32l4xx_hal_cortex.o
 *fill*         0x00000000080017ca        0x2 
 .text.SysTick_Config
                0x00000000080017cc       0x44 ./Drivers/STM32L4xx_HAL_Driver/Src/stm32l4xx_hal_cortex.o
 .text.HAL_NVIC_SetPriorityGrouping
                0x0000000008001810       0x16 ./Drivers/STM32L4xx_HAL_Driver/Src/stm32l4xx_hal_cortex.o
                0x0000000008001810                HAL_NVIC_SetPriorityGrouping
 .text.HAL_NVIC_SetPriority
                0x0000000008001826       0x38 ./Drivers/STM32L4xx_HAL_Driver/Src/stm32l4xx_hal_cortex.o
                0x0000000008001826                HAL_NVIC_SetPriority
 .text.HAL_SYSTICK_Config
                0x000000000800185e       0x18 ./Drivers/STM32L4xx_HAL_Driver/Src/stm32l4xx_hal_cortex.o
                0x000000000800185e                HAL_SYSTICK_Config
 *fill*         0x0000000008001876        0x2 
 .text.HAL_CRC_Init
                0x0000000008001878       0xc8 ./Drivers/STM32L4xx_HAL_Driver/Src/stm32l4xx_hal_crc.o
                0x0000000008001878                HAL_CRC_Init
 .text.HAL_CRCEx_Polynomial_Set
                0x0000000008001940      0x10c ./Drivers/STM32L4xx_HAL_Driver/Src/stm32l4xx_hal_crc_ex.o
                0x0000000008001940                HAL_CRCEx_Polynomial_Set
 .text.HAL_GPIO_Init
                0x0000000008001a4c      0x324 ./Drivers/STM32L4xx_HAL_Driver/Src/stm32l4xx_hal_gpio.o
                0x0000000008001a4c                HAL_GPIO_Init
 .text.HAL_GPIO_WritePin
                0x0000000008001d70       0x30 ./Drivers/STM32L4xx_HAL_Driver/Src/stm32l4xx_hal_gpio.o
                0x0000000008001d70                HAL_GPIO_WritePin
 .text.HAL_I2C_Init
                0x0000000008001da0      0x11e ./Drivers/STM32L4xx_HAL_Driver/Src/stm32l4xx_hal_i2c.o
                0x0000000008001da0                HAL_I2C_Init
 .text.HAL_I2CEx_ConfigAnalogFilter
                0x0000000008001ebe       0x96 ./Drivers/STM32L4xx_HAL_Driver/Src/stm32l4xx_hal_i2c_ex.o
                0x0000000008001ebe                HAL_I2CEx_ConfigAnalogFilter
 .text.HAL_I2CEx_ConfigDigitalFilter
                0x0000000008001f54       0x98 ./Drivers/STM32L4xx_HAL_Driver/Src/stm32l4xx_hal_i2c_ex.o
                0x0000000008001f54                HAL_I2CEx_ConfigDigitalFilter
 .text.HAL_PWREx_GetVoltageRange
                0x0000000008001fec       0x40 ./Drivers/STM32L4xx_HAL_Driver/Src/stm32l4xx_hal_pwr_ex.o
                0x0000000008001fec                HAL_PWREx_GetVoltageRange
 .text.HAL_PWREx_ControlVoltageScaling
                0x000000000800202c      0x148 ./Drivers/STM32L4xx_HAL_Driver/Src/stm32l4xx_hal_pwr_ex.o
                0x000000000800202c                HAL_PWREx_ControlVoltageScaling
 .text.HAL_PWREx_EnableVddIO2
                0x0000000008002174       0x20 ./Drivers/STM32L4xx_HAL_Driver/Src/stm32l4xx_hal_pwr_ex.o
                0x0000000008002174                HAL_PWREx_EnableVddIO2
 .text.HAL_RCC_OscConfig
                0x0000000008002194      0x834 ./Drivers/STM32L4xx_HAL_Driver/Src/stm32l4xx_hal_rcc.o
                0x0000000008002194                HAL_RCC_OscConfig
 .text.HAL_RCC_ClockConfig
                0x00000000080029c8      0x274 ./Drivers/STM32L4xx_HAL_Driver/Src/stm32l4xx_hal_rcc.o
                0x00000000080029c8                HAL_RCC_ClockConfig
 .text.HAL_RCC_GetSysClockFreq
                0x0000000008002c3c      0x114 ./Drivers/STM32L4xx_HAL_Driver/Src/stm32l4xx_hal_rcc.o
                0x0000000008002c3c                HAL_RCC_GetSysClockFreq
 .text.HAL_RCC_GetHCLKFreq
                0x0000000008002d50       0x18 ./Drivers/STM32L4xx_HAL_Driver/Src/stm32l4xx_hal_rcc.o
                0x0000000008002d50                HAL_RCC_GetHCLKFreq
 .text.HAL_RCC_GetPCLK1Freq
                0x0000000008002d68       0x2c ./Drivers/STM32L4xx_HAL_Driver/Src/stm32l4xx_hal_rcc.o
                0x0000000008002d68                HAL_RCC_GetPCLK1Freq
 .text.HAL_RCC_GetPCLK2Freq
                0x0000000008002d94       0x2c ./Drivers/STM32L4xx_HAL_Driver/Src/stm32l4xx_hal_rcc.o
                0x0000000008002d94                HAL_RCC_GetPCLK2Freq
 .text.RCC_SetFlashLatencyFromMSIRange
                0x0000000008002dc0       0xb4 ./Drivers/STM32L4xx_HAL_Driver/Src/stm32l4xx_hal_rcc.o
 .text.RCC_GetSysClockFreqFromPLLSource
                0x0000000008002e74       0xc8 ./Drivers/STM32L4xx_HAL_Driver/Src/stm32l4xx_hal_rcc.o
 .text.HAL_RCCEx_PeriphCLKConfig
                0x0000000008002f3c      0x720 ./Drivers/STM32L4xx_HAL_Driver/Src/stm32l4xx_hal_rcc_ex.o
                0x0000000008002f3c                HAL_RCCEx_PeriphCLKConfig
 .text.HAL_RCCEx_GetPeriphCLKFreq
                0x000000000800365c      0xe40 ./Drivers/STM32L4xx_HAL_Driver/Src/stm32l4xx_hal_rcc_ex.o
                0x000000000800365c                HAL_RCCEx_GetPeriphCLKFreq
 .text.RCCEx_PLLSAI1_Config
                0x000000000800449c      0x1e8 ./Drivers/STM32L4xx_HAL_Driver/Src/stm32l4xx_hal_rcc_ex.o
 .text.RCCEx_PLLSAI2_Config
                0x0000000008004684      0x1e8 ./Drivers/STM32L4xx_HAL_Driver/Src/stm32l4xx_hal_rcc_ex.o
 .text.RCCEx_GetSAIxPeriphCLKFreq
                0x000000000800486c      0x224 ./Drivers/STM32L4xx_HAL_Driver/Src/stm32l4xx_hal_rcc_ex.o
 .text.HAL_SAI_Init
                0x0000000008004a90      0x3bc ./Drivers/STM32L4xx_HAL_Driver/Src/stm32l4xx_hal_sai.o
                0x0000000008004a90                HAL_SAI_Init
 .text.SAI_Disable
                0x0000000008004e4c       0x74 ./Drivers/STM32L4xx_HAL_Driver/Src/stm32l4xx_hal_sai.o
 .text.HAL_SPI_Init
                0x0000000008004ec0      0x146 ./Drivers/STM32L4xx_HAL_Driver/Src/stm32l4xx_hal_spi.o
                0x0000000008004ec0                HAL_SPI_Init
 .text.HAL_SRAM_Init
                0x0000000008005006       0x90 ./Drivers/STM32L4xx_HAL_Driver/Src/stm32l4xx_hal_sram.o
                0x0000000008005006                HAL_SRAM_Init
 .text.HAL_UART_Init
                0x0000000008005096       0xa0 ./Drivers/STM32L4xx_HAL_Driver/Src/stm32l4xx_hal_uart.o
                0x0000000008005096                HAL_UART_Init
 .text.HAL_UART_Transmit
                0x0000000008005136      0x12e ./Drivers/STM32L4xx_HAL_Driver/Src/stm32l4xx_hal_uart.o
                0x0000000008005136                HAL_UART_Transmit
 .text.HAL_UART_Receive
                0x0000000008005264      0x1a8 ./Drivers/STM32L4xx_HAL_Driver/Src/stm32l4xx_hal_uart.o
                0x0000000008005264                HAL_UART_Receive
 .text.UART_SetConfig
                0x000000000800540c      0x5f8 ./Drivers/STM32L4xx_HAL_Driver/Src/stm32l4xx_hal_uart.o
                0x000000000800540c                UART_SetConfig
 .text.UART_AdvFeatureConfig
                0x0000000008005a04      0x144 ./Drivers/STM32L4xx_HAL_Driver/Src/stm32l4xx_hal_uart.o
                0x0000000008005a04                UART_AdvFeatureConfig
 .text.UART_CheckIdleState
                0x0000000008005b48       0x96 ./Drivers/STM32L4xx_HAL_Driver/Src/stm32l4xx_hal_uart.o
                0x0000000008005b48                UART_CheckIdleState
 .text.UART_WaitOnFlagUntilTimeout
                0x0000000008005bde      0x190 ./Drivers/STM32L4xx_HAL_Driver/Src/stm32l4xx_hal_uart.o
                0x0000000008005bde                UART_WaitOnFlagUntilTimeout
 .text.HAL_UARTEx_DisableFifoMode
                0x0000000008005d6e       0x72 ./Drivers/STM32L4xx_HAL_Driver/Src/stm32l4xx_hal_uart_ex.o
                0x0000000008005d6e                HAL_UARTEx_DisableFifoMode
 .text.HAL_UARTEx_SetTxFifoThreshold
                0x0000000008005de0       0x7c ./Drivers/STM32L4xx_HAL_Driver/Src/stm32l4xx_hal_uart_ex.o
                0x0000000008005de0                HAL_UARTEx_SetTxFifoThreshold
 .text.HAL_UARTEx_SetRxFifoThreshold
                0x0000000008005e5c       0x7c ./Drivers/STM32L4xx_HAL_Driver/Src/stm32l4xx_hal_uart_ex.o
                0x0000000008005e5c                HAL_UARTEx_SetRxFifoThreshold
 .text.UARTEx_SetNbDataToProcess
                0x0000000008005ed8       0x9c ./Drivers/STM32L4xx_HAL_Driver/Src/stm32l4xx_hal_uart_ex.o
 .text.FMC_NORSRAM_Init
                0x0000000008005f74      0x134 ./Drivers/STM32L4xx_HAL_Driver/Src/stm32l4xx_ll_fmc.o
                0x0000000008005f74                FMC_NORSRAM_Init
 .text.FMC_NORSRAM_Timing_Init
                0x00000000080060a8       0xa4 ./Drivers/STM32L4xx_HAL_Driver/Src/stm32l4xx_ll_fmc.o
                0x00000000080060a8                FMC_NORSRAM_Timing_Init
 .text.FMC_NORSRAM_Extended_Timing_Init
                0x000000000800614c       0x74 ./Drivers/STM32L4xx_HAL_Driver/Src/stm32l4xx_ll_fmc.o
                0x000000000800614c                FMC_NORSRAM_Extended_Timing_Init
 .text.ai_log_err
                0x00000000080061c0       0x40 ./X-CUBE-AI/App/app_x-cube-ai.o
 .text.ai_boostrap
                0x0000000008006200       0xc8 ./X-CUBE-AI/App/app_x-cube-ai.o
 .text.ai_run   0x00000000080062c8       0x54 ./X-CUBE-AI/App/app_x-cube-ai.o
 .text.acquire_and_process_data
                0x000000000800631c      0x1d8 ./X-CUBE-AI/App/app_x-cube-ai.o
                0x000000000800631c                acquire_and_process_data
 .text.post_process
                0x00000000080064f4       0xf0 ./X-CUBE-AI/App/app_x-cube-ai.o
                0x00000000080064f4                post_process
 .text.MX_X_CUBE_AI_Init
                0x00000000080065e4       0x1c ./X-CUBE-AI/App/app_x-cube-ai.o
                0x00000000080065e4                MX_X_CUBE_AI_Init
 .text.MX_X_CUBE_AI_Process
                0x0000000008006600      0x10c ./X-CUBE-AI/App/app_x-cube-ai.o
                0x0000000008006600                MX_X_CUBE_AI_Process
 .text.small_model_configure_activations
                0x000000000800670c      0x1bc ./X-CUBE-AI/App/small_model.o
 .text.small_model_configure_weights
                0x00000000080068c8      0x2a0 ./X-CUBE-AI/App/small_model.o
 .text.ai_small_model_get_error
                0x0000000008006b68       0x18 ./X-CUBE-AI/App/small_model.o
                0x0000000008006b68                ai_small_model_get_error
 .text.ai_small_model_create
                0x0000000008006b80       0x2c ./X-CUBE-AI/App/small_model.o
                0x0000000008006b80                ai_small_model_create
 .text.ai_small_model_create_and_init
                0x0000000008006bac       0xe8 ./X-CUBE-AI/App/small_model.o
                0x0000000008006bac                ai_small_model_create_and_init
 .text.ai_small_model_inputs_get
                0x0000000008006c94       0x34 ./X-CUBE-AI/App/small_model.o
                0x0000000008006c94                ai_small_model_inputs_get
 .text.ai_small_model_outputs_get
                0x0000000008006cc8       0x34 ./X-CUBE-AI/App/small_model.o
                0x0000000008006cc8                ai_small_model_outputs_get
 .text.ai_small_model_init
                0x0000000008006cfc       0x78 ./X-CUBE-AI/App/small_model.o
                0x0000000008006cfc                ai_small_model_init
 .text.ai_small_model_run
                0x0000000008006d74       0x20 ./X-CUBE-AI/App/small_model.o
                0x0000000008006d74                ai_small_model_run
 .text.ai_small_model_data_params_get
                0x0000000008006d94       0x50 ./X-CUBE-AI/App/small_model_data.o
                0x0000000008006d94                ai_small_model_data_params_get
 .text.ai_buffer_get_size
                0x0000000008006de4       0x68 ../Middlewares/ST/AI/Lib\NetworkRuntime720_CM4_GCC.a(ai_platform.o)
                0x0000000008006de4                ai_buffer_get_size
 .text.ai_buffer_array_sane
                0x0000000008006e4c       0x14 ../Middlewares/ST/AI/Lib\NetworkRuntime720_CM4_GCC.a(ai_platform.o)
                0x0000000008006e4c                ai_buffer_array_sane
 .text.ai_buffer_array_item_set_address
                0x0000000008006e60       0x20 ../Middlewares/ST/AI/Lib\NetworkRuntime720_CM4_GCC.a(ai_platform.o)
                0x0000000008006e60                ai_buffer_array_item_set_address
 .text._ai_platform_acquire_crc
                0x0000000008006e80        0x4 ../Middlewares/ST/AI/Lib\NetworkRuntime720_CM4_GCC.a(ai_platform_interface.o)
                0x0000000008006e80                _ai_platform_acquire_crc
 .text._ai_platform_release_crc
                0x0000000008006e84        0x4 ../Middlewares/ST/AI/Lib\NetworkRuntime720_CM4_GCC.a(ai_platform_interface.o)
                0x0000000008006e84                _ai_platform_release_crc
 .text.ai_platform_get_weights_map
                0x0000000008006e88       0xa8 ../Middlewares/ST/AI/Lib\NetworkRuntime720_CM4_GCC.a(ai_platform_interface.o)
                0x0000000008006e88                ai_platform_get_weights_map
 .text.ai_platform_get_activations_map
                0x0000000008006f30       0xa8 ../Middlewares/ST/AI/Lib\NetworkRuntime720_CM4_GCC.a(ai_platform_interface.o)
                0x0000000008006f30                ai_platform_get_activations_map
 .text.ai_platform_bind_network_params
                0x0000000008006fd8       0x44 ../Middlewares/ST/AI/Lib\NetworkRuntime720_CM4_GCC.a(ai_platform_interface.o)
                0x0000000008006fd8                ai_platform_bind_network_params
 .text.ai_platform_network_get_error
                0x000000000800701c       0xf4 ../Middlewares/ST/AI/Lib\NetworkRuntime720_CM4_GCC.a(ai_platform_interface.o)
                0x000000000800701c                ai_platform_network_get_error
 .text.ai_platform_network_set_error
                0x0000000008007110        0xc ../Middlewares/ST/AI/Lib\NetworkRuntime720_CM4_GCC.a(ai_platform_interface.o)
                0x0000000008007110                ai_platform_network_set_error
 .text.ai_platform_inputs_get
                0x000000000800711c      0x1c8 ../Middlewares/ST/AI/Lib\NetworkRuntime720_CM4_GCC.a(ai_platform_interface.o)
                0x000000000800711c                ai_platform_inputs_get
 .text.ai_platform_outputs_get
                0x00000000080072e4      0x1c0 ../Middlewares/ST/AI/Lib\NetworkRuntime720_CM4_GCC.a(ai_platform_interface.o)
                0x00000000080072e4                ai_platform_outputs_get
 .text.ai_platform_network_create
                0x00000000080074a4      0x1c4 ../Middlewares/ST/AI/Lib\NetworkRuntime720_CM4_GCC.a(ai_platform_interface.o)
                0x00000000080074a4                ai_platform_network_create
 .text.ai_platform_network_init
                0x0000000008007668      0x1f4 ../Middlewares/ST/AI/Lib\NetworkRuntime720_CM4_GCC.a(ai_platform_interface.o)
                0x0000000008007668                ai_platform_network_init
 .text.ai_platform_network_post_init
                0x000000000800785c      0x128 ../Middlewares/ST/AI/Lib\NetworkRuntime720_CM4_GCC.a(ai_platform_interface.o)
                0x000000000800785c                ai_platform_network_post_init
 .text.ai_platform_network_process
                0x0000000008007984      0x518 ../Middlewares/ST/AI/Lib\NetworkRuntime720_CM4_GCC.a(ai_platform_interface.o)
                0x0000000008007984                ai_platform_network_process
 .text.core_init
                0x0000000008007e9c        0x4 ../Middlewares/ST/AI/Lib\NetworkRuntime720_CM4_GCC.a(core_common.o)
                0x0000000008007e9c                core_init
 .text.core_get_error
                0x0000000008007ea0        0xc ../Middlewares/ST/AI/Lib\NetworkRuntime720_CM4_GCC.a(core_common.o)
                0x0000000008007ea0                core_get_error
 .text.core_set_error
                0x0000000008007eac       0x18 ../Middlewares/ST/AI/Lib\NetworkRuntime720_CM4_GCC.a(core_common.o)
                0x0000000008007eac                core_set_error
 .text.func_dummy
                0x0000000008007ec4        0x4 ../Middlewares/ST/AI/Lib\NetworkRuntime720_CM4_GCC.a(layers_conv2d_generic_float.o)
 .text.ai_conv2d_stripe_f32.constprop.0
                0x0000000008007ec8      0xa70 ../Middlewares/ST/AI/Lib\NetworkRuntime720_CM4_GCC.a(layers_conv2d_generic_float.o)
 .text.ai_dict_decompress_f32
                0x0000000008008938       0xa0 ../Middlewares/ST/AI/Lib\NetworkRuntime720_CM4_GCC.a(layers_conv2d_generic_float.o)
                0x0000000008008938                ai_dict_decompress_f32
 .text.forward_conv2d_nl_pool
                0x00000000080089d8      0x4e4 ../Middlewares/ST/AI/Lib\NetworkRuntime720_CM4_GCC.a(layers_conv2d_generic_float.o)
                0x00000000080089d8                forward_conv2d_nl_pool
 .text.forward_dense
                0x0000000008008ebc      0x77c ../Middlewares/ST/AI/Lib\NetworkRuntime720_CM4_GCC.a(layers_conv2d_generic_float.o)
                0x0000000008008ebc                forward_dense
 .text.pool_func_mp_array_f32
                0x0000000008009638      0x458 ../Middlewares/ST/AI/Lib\NetworkRuntime720_CM4_GCC.a(layers_pool_generic_float.o)
                0x0000000008009638                pool_func_mp_array_f32
 .text.nl_func_relu_array_f32
                0x0000000008009a90       0x4c ../Middlewares/ST/AI/Lib\NetworkRuntime720_CM4_GCC.a(layers_nl_generic_float.o)
                0x0000000008009a90                nl_func_relu_array_f32
 .text.nl_func_sm_channel_f32
                0x0000000008009adc       0x98 ../Middlewares/ST/AI/Lib\NetworkRuntime720_CM4_GCC.a(layers_nl_generic_float.o)
                0x0000000008009adc                nl_func_sm_channel_f32
 .text.nl_func_relu_generic_array_f32
                0x0000000008009b74      0x120 ../Middlewares/ST/AI/Lib\NetworkRuntime720_CM4_GCC.a(layers_nl_generic_float.o)
                0x0000000008009b74                nl_func_relu_generic_array_f32
 .text.forward_relu
                0x0000000008009c94      0x148 ../Middlewares/ST/AI/Lib\NetworkRuntime720_CM4_GCC.a(layers_nl_generic_float.o)
                0x0000000008009c94                forward_relu
 .text.forward_sm
                0x0000000008009ddc       0xc4 ../Middlewares/ST/AI/Lib\NetworkRuntime720_CM4_GCC.a(layers_nl_generic_float.o)
                0x0000000008009ddc                forward_sm
 .text.ai_check_custom_types
                0x0000000008009ea0       0x54 ../Middlewares/ST/AI/Lib\NetworkRuntime720_CM4_GCC.a(layers.o)
                0x0000000008009ea0                ai_check_custom_types
 .text.ai_layers_init_all
                0x0000000008009ef4       0x1c ../Middlewares/ST/AI/Lib\NetworkRuntime720_CM4_GCC.a(layers.o)
                0x0000000008009ef4                ai_layers_init_all
 .text.ai_layers_post_init_all
                0x0000000008009f10       0x28 ../Middlewares/ST/AI/Lib\NetworkRuntime720_CM4_GCC.a(layers.o)
                0x0000000008009f10                ai_layers_post_init_all
 .text.ai_layers_forward_all
                0x0000000008009f38       0x98 ../Middlewares/ST/AI/Lib\NetworkRuntime720_CM4_GCC.a(layers.o)
                0x0000000008009f38                ai_layers_forward_all
 .text.ai_version_get
                0x0000000008009fd0        0xc ../Middlewares/ST/AI/Lib\NetworkRuntime720_CM4_GCC.a(ai_datatypes_internal.o)
                0x0000000008009fd0                ai_version_get
 .text.get_tensor_byte_size
                0x0000000008009fdc       0x30 ../Middlewares/ST/AI/Lib\NetworkRuntime720_CM4_GCC.a(ai_datatypes_internal.o)
                0x0000000008009fdc                get_tensor_byte_size
 .text.ai_array_to_buffer_fmt
                0x000000000800a00c       0xd8 ../Middlewares/ST/AI/Lib\NetworkRuntime720_CM4_GCC.a(ai_datatypes_format.o)
                0x000000000800a00c                ai_array_to_buffer_fmt
 .text.ai_array_get_byte_size
                0x000000000800a0e4       0x50 ../Middlewares/ST/AI/Lib\NetworkRuntime720_CM4_GCC.a(ai_datatypes_format.o)
                0x000000000800a0e4                ai_array_get_byte_size
 .text.ai_array_get_data_byte_size
                0x000000000800a134       0x24 ../Middlewares/ST/AI/Lib\NetworkRuntime720_CM4_GCC.a(ai_datatypes_format.o)
                0x000000000800a134                ai_array_get_data_byte_size
 .text.__errno  0x000000000800a158        0xc d:/st/stm32cubeide_1.8.0/stm32cubeide/plugins/com.st.stm32cube.ide.mcu.externaltools.gnu-tools-for-stm32.10.3-2021.10.win32_1.0.0.202111181127/tools/bin/../lib/gcc/arm-none-eabi/10.3.1/../../../../arm-none-eabi/lib/thumb/v7e-m+fp/hard\libc_nano.a(lib_a-errno.o)
                0x000000000800a158                __errno
 .text.__libc_init_array
                0x000000000800a164       0x48 d:/st/stm32cubeide_1.8.0/stm32cubeide/plugins/com.st.stm32cube.ide.mcu.externaltools.gnu-tools-for-stm32.10.3-2021.10.win32_1.0.0.202111181127/tools/bin/../lib/gcc/arm-none-eabi/10.3.1/../../../../arm-none-eabi/lib/thumb/v7e-m+fp/hard\libc_nano.a(lib_a-init.o)
                0x000000000800a164                __libc_init_array
 .text.memcpy   0x000000000800a1ac       0x1c d:/st/stm32cubeide_1.8.0/stm32cubeide/plugins/com.st.stm32cube.ide.mcu.externaltools.gnu-tools-for-stm32.10.3-2021.10.win32_1.0.0.202111181127/tools/bin/../lib/gcc/arm-none-eabi/10.3.1/../../../../arm-none-eabi/lib/thumb/v7e-m+fp/hard\libc_nano.a(lib_a-memcpy-stub.o)
                0x000000000800a1ac                memcpy
 .text.memset   0x000000000800a1c8       0x10 d:/st/stm32cubeide_1.8.0/stm32cubeide/plugins/com.st.stm32cube.ide.mcu.externaltools.gnu-tools-for-stm32.10.3-2021.10.win32_1.0.0.202111181127/tools/bin/../lib/gcc/arm-none-eabi/10.3.1/../../../../arm-none-eabi/lib/thumb/v7e-m+fp/hard\libc_nano.a(lib_a-memset.o)
                0x000000000800a1c8                memset
 .text._free_r  0x000000000800a1d8       0x98 d:/st/stm32cubeide_1.8.0/stm32cubeide/plugins/com.st.stm32cube.ide.mcu.externaltools.gnu-tools-for-stm32.10.3-2021.10.win32_1.0.0.202111181127/tools/bin/../lib/gcc/arm-none-eabi/10.3.1/../../../../arm-none-eabi/lib/thumb/v7e-m+fp/hard\libc_nano.a(lib_a-nano-freer.o)
                0x000000000800a1d8                _free_r
 .text.sbrk_aligned
                0x000000000800a270       0x40 d:/st/stm32cubeide_1.8.0/stm32cubeide/plugins/com.st.stm32cube.ide.mcu.externaltools.gnu-tools-for-stm32.10.3-2021.10.win32_1.0.0.202111181127/tools/bin/../lib/gcc/arm-none-eabi/10.3.1/../../../../arm-none-eabi/lib/thumb/v7e-m+fp/hard\libc_nano.a(lib_a-nano-mallocr.o)
 .text._malloc_r
                0x000000000800a2b0       0xe8 d:/st/stm32cubeide_1.8.0/stm32cubeide/plugins/com.st.stm32cube.ide.mcu.externaltools.gnu-tools-for-stm32.10.3-2021.10.win32_1.0.0.202111181127/tools/bin/../lib/gcc/arm-none-eabi/10.3.1/../../../../arm-none-eabi/lib/thumb/v7e-m+fp/hard\libc_nano.a(lib_a-nano-mallocr.o)
                0x000000000800a2b0                _malloc_r
 .text.printf   0x000000000800a398       0x30 d:/st/stm32cubeide_1.8.0/stm32cubeide/plugins/com.st.stm32cube.ide.mcu.externaltools.gnu-tools-for-stm32.10.3-2021.10.win32_1.0.0.202111181127/tools/bin/../lib/gcc/arm-none-eabi/10.3.1/../../../../arm-none-eabi/lib/thumb/v7e-m+fp/hard\libc_nano.a(lib_a-printf.o)
                0x000000000800a398                iprintf
                0x000000000800a398                printf
 .text._puts_r  0x000000000800a3c8       0xdc d:/st/stm32cubeide_1.8.0/stm32cubeide/plugins/com.st.stm32cube.ide.mcu.externaltools.gnu-tools-for-stm32.10.3-2021.10.win32_1.0.0.202111181127/tools/bin/../lib/gcc/arm-none-eabi/10.3.1/../../../../arm-none-eabi/lib/thumb/v7e-m+fp/hard\libc_nano.a(lib_a-puts.o)
                0x000000000800a3c8                _puts_r
 .text.puts     0x000000000800a4a4       0x10 d:/st/stm32cubeide_1.8.0/stm32cubeide/plugins/com.st.stm32cube.ide.mcu.externaltools.gnu-tools-for-stm32.10.3-2021.10.win32_1.0.0.202111181127/tools/bin/../lib/gcc/arm-none-eabi/10.3.1/../../../../arm-none-eabi/lib/thumb/v7e-m+fp/hard\libc_nano.a(lib_a-puts.o)
                0x000000000800a4a4                puts
 .text._sbrk_r  0x000000000800a4b4       0x20 d:/st/stm32cubeide_1.8.0/stm32cubeide/plugins/com.st.stm32cube.ide.mcu.externaltools.gnu-tools-for-stm32.10.3-2021.10.win32_1.0.0.202111181127/tools/bin/../lib/gcc/arm-none-eabi/10.3.1/../../../../arm-none-eabi/lib/thumb/v7e-m+fp/hard\libc_nano.a(lib_a-sbrkr.o)
                0x000000000800a4b4                _sbrk_r
 .text.__swbuf_r
                0x000000000800a4d4       0xa4 d:/st/stm32cubeide_1.8.0/stm32cubeide/plugins/com.st.stm32cube.ide.mcu.externaltools.gnu-tools-for-stm32.10.3-2021.10.win32_1.0.0.202111181127/tools/bin/../lib/gcc/arm-none-eabi/10.3.1/../../../../arm-none-eabi/lib/thumb/v7e-m+fp/hard\libc_nano.a(lib_a-wbuf.o)
                0x000000000800a4d4                __swbuf_r
 .text.__swsetup_r
                0x000000000800a578       0xdc d:/st/stm32cubeide_1.8.0/stm32cubeide/plugins/com.st.stm32cube.ide.mcu.externaltools.gnu-tools-for-stm32.10.3-2021.10.win32_1.0.0.202111181127/tools/bin/../lib/gcc/arm-none-eabi/10.3.1/../../../../arm-none-eabi/lib/thumb/v7e-m+fp/hard\libc_nano.a(lib_a-wsetup.o)
                0x000000000800a578                __swsetup_r
 .text.__sflush_r
                0x000000000800a654      0x10c d:/st/stm32cubeide_1.8.0/stm32cubeide/plugins/com.st.stm32cube.ide.mcu.externaltools.gnu-tools-for-stm32.10.3-2021.10.win32_1.0.0.202111181127/tools/bin/../lib/gcc/arm-none-eabi/10.3.1/../../../../arm-none-eabi/lib/thumb/v7e-m+fp/hard\libc_nano.a(lib_a-fflush.o)
                0x000000000800a654                __sflush_r
 .text._fflush_r
                0x000000000800a760       0x78 d:/st/stm32cubeide_1.8.0/stm32cubeide/plugins/com.st.stm32cube.ide.mcu.externaltools.gnu-tools-for-stm32.10.3-2021.10.win32_1.0.0.202111181127/tools/bin/../lib/gcc/arm-none-eabi/10.3.1/../../../../arm-none-eabi/lib/thumb/v7e-m+fp/hard\libc_nano.a(lib_a-fflush.o)
                0x000000000800a760                _fflush_r
 .text.std      0x000000000800a7d8       0x48 d:/st/stm32cubeide_1.8.0/stm32cubeide/plugins/com.st.stm32cube.ide.mcu.externaltools.gnu-tools-for-stm32.10.3-2021.10.win32_1.0.0.202111181127/tools/bin/../lib/gcc/arm-none-eabi/10.3.1/../../../../arm-none-eabi/lib/thumb/v7e-m+fp/hard\libc_nano.a(lib_a-findfp.o)
 .text._cleanup_r
                0x000000000800a820        0xc d:/st/stm32cubeide_1.8.0/stm32cubeide/plugins/com.st.stm32cube.ide.mcu.externaltools.gnu-tools-for-stm32.10.3-2021.10.win32_1.0.0.202111181127/tools/bin/../lib/gcc/arm-none-eabi/10.3.1/../../../../arm-none-eabi/lib/thumb/v7e-m+fp/hard\libc_nano.a(lib_a-findfp.o)
                0x000000000800a820                _cleanup_r
 .text.__sfmoreglue
                0x000000000800a82c       0x2c d:/st/stm32cubeide_1.8.0/stm32cubeide/plugins/com.st.stm32cube.ide.mcu.externaltools.gnu-tools-for-stm32.10.3-2021.10.win32_1.0.0.202111181127/tools/bin/../lib/gcc/arm-none-eabi/10.3.1/../../../../arm-none-eabi/lib/thumb/v7e-m+fp/hard\libc_nano.a(lib_a-findfp.o)
                0x000000000800a82c                __sfmoreglue
 .text.__sfp_lock_acquire
                0x000000000800a858        0xc d:/st/stm32cubeide_1.8.0/stm32cubeide/plugins/com.st.stm32cube.ide.mcu.externaltools.gnu-tools-for-stm32.10.3-2021.10.win32_1.0.0.202111181127/tools/bin/../lib/gcc/arm-none-eabi/10.3.1/../../../../arm-none-eabi/lib/thumb/v7e-m+fp/hard\libc_nano.a(lib_a-findfp.o)
                0x000000000800a858                __sfp_lock_acquire
 .text.__sfp_lock_release
                0x000000000800a864        0xc d:/st/stm32cubeide_1.8.0/stm32cubeide/plugins/com.st.stm32cube.ide.mcu.externaltools.gnu-tools-for-stm32.10.3-2021.10.win32_1.0.0.202111181127/tools/bin/../lib/gcc/arm-none-eabi/10.3.1/../../../../arm-none-eabi/lib/thumb/v7e-m+fp/hard\libc_nano.a(lib_a-findfp.o)
                0x000000000800a864                __sfp_lock_release
 .text.__sinit_lock_acquire
                0x000000000800a870        0xc d:/st/stm32cubeide_1.8.0/stm32cubeide/plugins/com.st.stm32cube.ide.mcu.externaltools.gnu-tools-for-stm32.10.3-2021.10.win32_1.0.0.202111181127/tools/bin/../lib/gcc/arm-none-eabi/10.3.1/../../../../arm-none-eabi/lib/thumb/v7e-m+fp/hard\libc_nano.a(lib_a-findfp.o)
                0x000000000800a870                __sinit_lock_acquire
 .text.__sinit_lock_release
                0x000000000800a87c        0xc d:/st/stm32cubeide_1.8.0/stm32cubeide/plugins/com.st.stm32cube.ide.mcu.externaltools.gnu-tools-for-stm32.10.3-2021.10.win32_1.0.0.202111181127/tools/bin/../lib/gcc/arm-none-eabi/10.3.1/../../../../arm-none-eabi/lib/thumb/v7e-m+fp/hard\libc_nano.a(lib_a-findfp.o)
                0x000000000800a87c                __sinit_lock_release
 .text.__sinit  0x000000000800a888       0x70 d:/st/stm32cubeide_1.8.0/stm32cubeide/plugins/com.st.stm32cube.ide.mcu.externaltools.gnu-tools-for-stm32.10.3-2021.10.win32_1.0.0.202111181127/tools/bin/../lib/gcc/arm-none-eabi/10.3.1/../../../../arm-none-eabi/lib/thumb/v7e-m+fp/hard\libc_nano.a(lib_a-findfp.o)
                0x000000000800a888                __sinit
 .text.__sfp    0x000000000800a8f8       0x8c d:/st/stm32cubeide_1.8.0/stm32cubeide/plugins/com.st.stm32cube.ide.mcu.externaltools.gnu-tools-for-stm32.10.3-2021.10.win32_1.0.0.202111181127/tools/bin/../lib/gcc/arm-none-eabi/10.3.1/../../../../arm-none-eabi/lib/thumb/v7e-m+fp/hard\libc_nano.a(lib_a-findfp.o)
                0x000000000800a8f8                __sfp
 .text._fwalk_reent
                0x000000000800a984       0x3e d:/st/stm32cubeide_1.8.0/stm32cubeide/plugins/com.st.stm32cube.ide.mcu.externaltools.gnu-tools-for-stm32.10.3-2021.10.win32_1.0.0.202111181127/tools/bin/../lib/gcc/arm-none-eabi/10.3.1/../../../../arm-none-eabi/lib/thumb/v7e-m+fp/hard\libc_nano.a(lib_a-fwalk.o)
                0x000000000800a984                _fwalk_reent
 .text.__retarget_lock_init_recursive
                0x000000000800a9c2        0x2 d:/st/stm32cubeide_1.8.0/stm32cubeide/plugins/com.st.stm32cube.ide.mcu.externaltools.gnu-tools-for-stm32.10.3-2021.10.win32_1.0.0.202111181127/tools/bin/../lib/gcc/arm-none-eabi/10.3.1/../../../../arm-none-eabi/lib/thumb/v7e-m+fp/hard\libc_nano.a(lib_a-lock.o)
                0x000000000800a9c2                __retarget_lock_init_recursive
 .text.__retarget_lock_acquire_recursive
                0x000000000800a9c4        0x2 d:/st/stm32cubeide_1.8.0/stm32cubeide/plugins/com.st.stm32cube.ide.mcu.externaltools.gnu-tools-for-stm32.10.3-2021.10.win32_1.0.0.202111181127/tools/bin/../lib/gcc/arm-none-eabi/10.3.1/../../../../arm-none-eabi/lib/thumb/v7e-m+fp/hard\libc_nano.a(lib_a-lock.o)
                0x000000000800a9c4                __retarget_lock_acquire_recursive
 .text.__retarget_lock_release_recursive
                0x000000000800a9c6        0x2 d:/st/stm32cubeide_1.8.0/stm32cubeide/plugins/com.st.stm32cube.ide.mcu.externaltools.gnu-tools-for-stm32.10.3-2021.10.win32_1.0.0.202111181127/tools/bin/../lib/gcc/arm-none-eabi/10.3.1/../../../../arm-none-eabi/lib/thumb/v7e-m+fp/hard\libc_nano.a(lib_a-lock.o)
                0x000000000800a9c6                __retarget_lock_release_recursive
 .text.__swhatbuf_r
                0x000000000800a9c8       0x4a d:/st/stm32cubeide_1.8.0/stm32cubeide/plugins/com.st.stm32cube.ide.mcu.externaltools.gnu-tools-for-stm32.10.3-2021.10.win32_1.0.0.202111181127/tools/bin/../lib/gcc/arm-none-eabi/10.3.1/../../../../arm-none-eabi/lib/thumb/v7e-m+fp/hard\libc_nano.a(lib_a-makebuf.o)
                0x000000000800a9c8                __swhatbuf_r
 *fill*         0x000000000800aa12        0x2 
 .text.__smakebuf_r
                0x000000000800aa14       0x80 d:/st/stm32cubeide_1.8.0/stm32cubeide/plugins/com.st.stm32cube.ide.mcu.externaltools.gnu-tools-for-stm32.10.3-2021.10.win32_1.0.0.202111181127/tools/bin/../lib/gcc/arm-none-eabi/10.3.1/../../../../arm-none-eabi/lib/thumb/v7e-m+fp/hard\libc_nano.a(lib_a-makebuf.o)
                0x000000000800aa14                __smakebuf_r
 .text.__malloc_lock
                0x000000000800aa94        0xc d:/st/stm32cubeide_1.8.0/stm32cubeide/plugins/com.st.stm32cube.ide.mcu.externaltools.gnu-tools-for-stm32.10.3-2021.10.win32_1.0.0.202111181127/tools/bin/../lib/gcc/arm-none-eabi/10.3.1/../../../../arm-none-eabi/lib/thumb/v7e-m+fp/hard\libc_nano.a(lib_a-mlock.o)
                0x000000000800aa94                __malloc_lock
 .text.__malloc_unlock
                0x000000000800aaa0        0xc d:/st/stm32cubeide_1.8.0/stm32cubeide/plugins/com.st.stm32cube.ide.mcu.externaltools.gnu-tools-for-stm32.10.3-2021.10.win32_1.0.0.202111181127/tools/bin/../lib/gcc/arm-none-eabi/10.3.1/../../../../arm-none-eabi/lib/thumb/v7e-m+fp/hard\libc_nano.a(lib_a-mlock.o)
                0x000000000800aaa0                __malloc_unlock
 .text.__sfputc_r
                0x000000000800aaac       0x2e d:/st/stm32cubeide_1.8.0/stm32cubeide/plugins/com.st.stm32cube.ide.mcu.externaltools.gnu-tools-for-stm32.10.3-2021.10.win32_1.0.0.202111181127/tools/bin/../lib/gcc/arm-none-eabi/10.3.1/../../../../arm-none-eabi/lib/thumb/v7e-m+fp/hard\libc_nano.a(lib_a-nano-vfprintf.o)
 .text.__sfputs_r
                0x000000000800aada       0x24 d:/st/stm32cubeide_1.8.0/stm32cubeide/plugins/com.st.stm32cube.ide.mcu.externaltools.gnu-tools-for-stm32.10.3-2021.10.win32_1.0.0.202111181127/tools/bin/../lib/gcc/arm-none-eabi/10.3.1/../../../../arm-none-eabi/lib/thumb/v7e-m+fp/hard\libc_nano.a(lib_a-nano-vfprintf.o)
                0x000000000800aada                __sfputs_r
 *fill*         0x000000000800aafe        0x2 
 .text._vfprintf_r
                0x000000000800ab00      0x260 d:/st/stm32cubeide_1.8.0/stm32cubeide/plugins/com.st.stm32cube.ide.mcu.externaltools.gnu-tools-for-stm32.10.3-2021.10.win32_1.0.0.202111181127/tools/bin/../lib/gcc/arm-none-eabi/10.3.1/../../../../arm-none-eabi/lib/thumb/v7e-m+fp/hard\libc_nano.a(lib_a-nano-vfprintf.o)
                0x000000000800ab00                _vfprintf_r
                0x000000000800ab00                _vfiprintf_r
 .text._printf_common
                0x000000000800ad60       0xda d:/st/stm32cubeide_1.8.0/stm32cubeide/plugins/com.st.stm32cube.ide.mcu.externaltools.gnu-tools-for-stm32.10.3-2021.10.win32_1.0.0.202111181127/tools/bin/../lib/gcc/arm-none-eabi/10.3.1/../../../../arm-none-eabi/lib/thumb/v7e-m+fp/hard\libc_nano.a(lib_a-nano-vfprintf_i.o)
                0x000000000800ad60                _printf_common
 *fill*         0x000000000800ae3a        0x2 
 .text._printf_i
                0x000000000800ae3c      0x24c d:/st/stm32cubeide_1.8.0/stm32cubeide/plugins/com.st.stm32cube.ide.mcu.externaltools.gnu-tools-for-stm32.10.3-2021.10.win32_1.0.0.202111181127/tools/bin/../lib/gcc/arm-none-eabi/10.3.1/../../../../arm-none-eabi/lib/thumb/v7e-m+fp/hard\libc_nano.a(lib_a-nano-vfprintf_i.o)
                0x000000000800ae3c                _printf_i
 .text.__sread  0x000000000800b088       0x22 d:/st/stm32cubeide_1.8.0/stm32cubeide/plugins/com.st.stm32cube.ide.mcu.externaltools.gnu-tools-for-stm32.10.3-2021.10.win32_1.0.0.202111181127/tools/bin/../lib/gcc/arm-none-eabi/10.3.1/../../../../arm-none-eabi/lib/thumb/v7e-m+fp/hard\libc_nano.a(lib_a-stdio.o)
                0x000000000800b088                __sread
 .text.__swrite
                0x000000000800b0aa       0x38 d:/st/stm32cubeide_1.8.0/stm32cubeide/plugins/com.st.stm32cube.ide.mcu.externaltools.gnu-tools-for-stm32.10.3-2021.10.win32_1.0.0.202111181127/tools/bin/../lib/gcc/arm-none-eabi/10.3.1/../../../../arm-none-eabi/lib/thumb/v7e-m+fp/hard\libc_nano.a(lib_a-stdio.o)
                0x000000000800b0aa                __swrite
 .text.__sseek  0x000000000800b0e2       0x24 d:/st/stm32cubeide_1.8.0/stm32cubeide/plugins/com.st.stm32cube.ide.mcu.externaltools.gnu-tools-for-stm32.10.3-2021.10.win32_1.0.0.202111181127/tools/bin/../lib/gcc/arm-none-eabi/10.3.1/../../../../arm-none-eabi/lib/thumb/v7e-m+fp/hard\libc_nano.a(lib_a-stdio.o)
                0x000000000800b0e2                __sseek
 .text.__sclose
                0x000000000800b106        0x8 d:/st/stm32cubeide_1.8.0/stm32cubeide/plugins/com.st.stm32cube.ide.mcu.externaltools.gnu-tools-for-stm32.10.3-2021.10.win32_1.0.0.202111181127/tools/bin/../lib/gcc/arm-none-eabi/10.3.1/../../../../arm-none-eabi/lib/thumb/v7e-m+fp/hard\libc_nano.a(lib_a-stdio.o)
                0x000000000800b106                __sclose
 *fill*         0x000000000800b10e        0x2 
 .text._write_r
                0x000000000800b110       0x24 d:/st/stm32cubeide_1.8.0/stm32cubeide/plugins/com.st.stm32cube.ide.mcu.externaltools.gnu-tools-for-stm32.10.3-2021.10.win32_1.0.0.202111181127/tools/bin/../lib/gcc/arm-none-eabi/10.3.1/../../../../arm-none-eabi/lib/thumb/v7e-m+fp/hard\libc_nano.a(lib_a-writer.o)
                0x000000000800b110                _write_r
 .text._close_r
                0x000000000800b134       0x20 d:/st/stm32cubeide_1.8.0/stm32cubeide/plugins/com.st.stm32cube.ide.mcu.externaltools.gnu-tools-for-stm32.10.3-2021.10.win32_1.0.0.202111181127/tools/bin/../lib/gcc/arm-none-eabi/10.3.1/../../../../arm-none-eabi/lib/thumb/v7e-m+fp/hard\libc_nano.a(lib_a-closer.o)
                0x000000000800b134                _close_r
 .text._fstat_r
                0x000000000800b154       0x24 d:/st/stm32cubeide_1.8.0/stm32cubeide/plugins/com.st.stm32cube.ide.mcu.externaltools.gnu-tools-for-stm32.10.3-2021.10.win32_1.0.0.202111181127/tools/bin/../lib/gcc/arm-none-eabi/10.3.1/../../../../arm-none-eabi/lib/thumb/v7e-m+fp/hard\libc_nano.a(lib_a-fstatr.o)
                0x000000000800b154                _fstat_r
 .text._isatty_r
                0x000000000800b178       0x20 d:/st/stm32cubeide_1.8.0/stm32cubeide/plugins/com.st.stm32cube.ide.mcu.externaltools.gnu-tools-for-stm32.10.3-2021.10.win32_1.0.0.202111181127/tools/bin/../lib/gcc/arm-none-eabi/10.3.1/../../../../arm-none-eabi/lib/thumb/v7e-m+fp/hard\libc_nano.a(lib_a-isattyr.o)
                0x000000000800b178                _isatty_r
 .text._lseek_r
                0x000000000800b198       0x24 d:/st/stm32cubeide_1.8.0/stm32cubeide/plugins/com.st.stm32cube.ide.mcu.externaltools.gnu-tools-for-stm32.10.3-2021.10.win32_1.0.0.202111181127/tools/bin/../lib/gcc/arm-none-eabi/10.3.1/../../../../arm-none-eabi/lib/thumb/v7e-m+fp/hard\libc_nano.a(lib_a-lseekr.o)
                0x000000000800b198                _lseek_r
 .text._read_r  0x000000000800b1bc       0x24 d:/st/stm32cubeide_1.8.0/stm32cubeide/plugins/com.st.stm32cube.ide.mcu.externaltools.gnu-tools-for-stm32.10.3-2021.10.win32_1.0.0.202111181127/tools/bin/../lib/gcc/arm-none-eabi/10.3.1/../../../../arm-none-eabi/lib/thumb/v7e-m+fp/hard\libc_nano.a(lib_a-readr.o)
                0x000000000800b1bc                _read_r
 .text.expf     0x000000000800b1e0       0x6c d:/st/stm32cubeide_1.8.0/stm32cubeide/plugins/com.st.stm32cube.ide.mcu.externaltools.gnu-tools-for-stm32.10.3-2021.10.win32_1.0.0.202111181127/tools/bin/../lib/gcc/arm-none-eabi/10.3.1/../../../../arm-none-eabi/lib/thumb/v7e-m+fp/hard\libm.a(lib_a-wf_exp.o)
                0x000000000800b1e0                expf
 .text.__ieee754_expf
                0x000000000800b24c      0x19c d:/st/stm32cubeide_1.8.0/stm32cubeide/plugins/com.st.stm32cube.ide.mcu.externaltools.gnu-tools-for-stm32.10.3-2021.10.win32_1.0.0.202111181127/tools/bin/../lib/gcc/arm-none-eabi/10.3.1/../../../../arm-none-eabi/lib/thumb/v7e-m+fp/hard\libm.a(lib_a-ef_exp.o)
                0x000000000800b24c                __ieee754_expf
 .text.with_errnof
                0x000000000800b3e8       0x16 d:/st/stm32cubeide_1.8.0/stm32cubeide/plugins/com.st.stm32cube.ide.mcu.externaltools.gnu-tools-for-stm32.10.3-2021.10.win32_1.0.0.202111181127/tools/bin/../lib/gcc/arm-none-eabi/10.3.1/../../../../arm-none-eabi/lib/thumb/v7e-m+fp/hard\libm.a(lib_a-math_errf.o)
 .text.xflowf   0x000000000800b3fe       0x16 d:/st/stm32cubeide_1.8.0/stm32cubeide/plugins/com.st.stm32cube.ide.mcu.externaltools.gnu-tools-for-stm32.10.3-2021.10.win32_1.0.0.202111181127/tools/bin/../lib/gcc/arm-none-eabi/10.3.1/../../../../arm-none-eabi/lib/thumb/v7e-m+fp/hard\libm.a(lib_a-math_errf.o)
 .text.__math_uflowf
                0x000000000800b414        0xc d:/st/stm32cubeide_1.8.0/stm32cubeide/plugins/com.st.stm32cube.ide.mcu.externaltools.gnu-tools-for-stm32.10.3-2021.10.win32_1.0.0.202111181127/tools/bin/../lib/gcc/arm-none-eabi/10.3.1/../../../../arm-none-eabi/lib/thumb/v7e-m+fp/hard\libm.a(lib_a-math_errf.o)
                0x000000000800b414                __math_uflowf
 .text.__math_oflowf
                0x000000000800b420        0xc d:/st/stm32cubeide_1.8.0/stm32cubeide/plugins/com.st.stm32cube.ide.mcu.externaltools.gnu-tools-for-stm32.10.3-2021.10.win32_1.0.0.202111181127/tools/bin/../lib/gcc/arm-none-eabi/10.3.1/../../../../arm-none-eabi/lib/thumb/v7e-m+fp/hard\libm.a(lib_a-math_errf.o)
                0x000000000800b420                __math_oflowf
 .text.finitef  0x000000000800b42c       0x1a d:/st/stm32cubeide_1.8.0/stm32cubeide/plugins/com.st.stm32cube.ide.mcu.externaltools.gnu-tools-for-stm32.10.3-2021.10.win32_1.0.0.202111181127/tools/bin/../lib/gcc/arm-none-eabi/10.3.1/../../../../arm-none-eabi/lib/thumb/v7e-m+fp/hard\libm.a(lib_a-sf_finite.o)
                0x000000000800b42c                finitef
 *fill*         0x000000000800b446        0x2 
 .text._close   0x000000000800b448       0x10 d:/st/stm32cubeide_1.8.0/stm32cubeide/plugins/com.st.stm32cube.ide.mcu.externaltools.gnu-tools-for-stm32.10.3-2021.10.win32_1.0.0.202111181127/tools/bin/../lib/gcc/arm-none-eabi/10.3.1/../../../../arm-none-eabi/lib/thumb/v7e-m+fp/hard\libnosys.a(close.o)
                0x000000000800b448                _close
 .text._fstat   0x000000000800b458       0x10 d:/st/stm32cubeide_1.8.0/stm32cubeide/plugins/com.st.stm32cube.ide.mcu.externaltools.gnu-tools-for-stm32.10.3-2021.10.win32_1.0.0.202111181127/tools/bin/../lib/gcc/arm-none-eabi/10.3.1/../../../../arm-none-eabi/lib/thumb/v7e-m+fp/hard\libnosys.a(fstat.o)
                0x000000000800b458                _fstat
 .text._isatty  0x000000000800b468       0x10 d:/st/stm32cubeide_1.8.0/stm32cubeide/plugins/com.st.stm32cube.ide.mcu.externaltools.gnu-tools-for-stm32.10.3-2021.10.win32_1.0.0.202111181127/tools/bin/../lib/gcc/arm-none-eabi/10.3.1/../../../../arm-none-eabi/lib/thumb/v7e-m+fp/hard\libnosys.a(isatty.o)
                0x000000000800b468                _isatty
 .text._lseek   0x000000000800b478       0x10 d:/st/stm32cubeide_1.8.0/stm32cubeide/plugins/com.st.stm32cube.ide.mcu.externaltools.gnu-tools-for-stm32.10.3-2021.10.win32_1.0.0.202111181127/tools/bin/../lib/gcc/arm-none-eabi/10.3.1/../../../../arm-none-eabi/lib/thumb/v7e-m+fp/hard\libnosys.a(lseek.o)
                0x000000000800b478                _lseek
 .text._read    0x000000000800b488       0x10 d:/st/stm32cubeide_1.8.0/stm32cubeide/plugins/com.st.stm32cube.ide.mcu.externaltools.gnu-tools-for-stm32.10.3-2021.10.win32_1.0.0.202111181127/tools/bin/../lib/gcc/arm-none-eabi/10.3.1/../../../../arm-none-eabi/lib/thumb/v7e-m+fp/hard\libnosys.a(read.o)
                0x000000000800b488                _read
 .text._write   0x000000000800b498       0x10 d:/st/stm32cubeide_1.8.0/stm32cubeide/plugins/com.st.stm32cube.ide.mcu.externaltools.gnu-tools-for-stm32.10.3-2021.10.win32_1.0.0.202111181127/tools/bin/../lib/gcc/arm-none-eabi/10.3.1/../../../../arm-none-eabi/lib/thumb/v7e-m+fp/hard\libnosys.a(write.o)
                0x000000000800b498                _write
 *(.glue_7)
 .glue_7        0x000000000800b4a8        0x0 linker stubs
 *(.glue_7t)
 .glue_7t       0x000000000800b4a8        0x0 linker stubs
 *(.eh_frame)
 .eh_frame      0x000000000800b4a8        0x0 d:/st/stm32cubeide_1.8.0/stm32cubeide/plugins/com.st.stm32cube.ide.mcu.externaltools.gnu-tools-for-stm32.10.3-2021.10.win32_1.0.0.202111181127/tools/bin/../lib/gcc/arm-none-eabi/10.3.1/thumb/v7e-m+fp/hard/crtbegin.o
 *(.init)
 .init          0x000000000800b4a8        0x4 d:/st/stm32cubeide_1.8.0/stm32cubeide/plugins/com.st.stm32cube.ide.mcu.externaltools.gnu-tools-for-stm32.10.3-2021.10.win32_1.0.0.202111181127/tools/bin/../lib/gcc/arm-none-eabi/10.3.1/thumb/v7e-m+fp/hard/crti.o
                0x000000000800b4a8                _init
 .init          0x000000000800b4ac        0x8 d:/st/stm32cubeide_1.8.0/stm32cubeide/plugins/com.st.stm32cube.ide.mcu.externaltools.gnu-tools-for-stm32.10.3-2021.10.win32_1.0.0.202111181127/tools/bin/../lib/gcc/arm-none-eabi/10.3.1/thumb/v7e-m+fp/hard/crtn.o
 *(.fini)
 .fini          0x000000000800b4b4        0x4 d:/st/stm32cubeide_1.8.0/stm32cubeide/plugins/com.st.stm32cube.ide.mcu.externaltools.gnu-tools-for-stm32.10.3-2021.10.win32_1.0.0.202111181127/tools/bin/../lib/gcc/arm-none-eabi/10.3.1/thumb/v7e-m+fp/hard/crti.o
                0x000000000800b4b4                _fini
 .fini          0x000000000800b4b8        0x8 d:/st/stm32cubeide_1.8.0/stm32cubeide/plugins/com.st.stm32cube.ide.mcu.externaltools.gnu-tools-for-stm32.10.3-2021.10.win32_1.0.0.202111181127/tools/bin/../lib/gcc/arm-none-eabi/10.3.1/thumb/v7e-m+fp/hard/crtn.o
                0x000000000800b4c0                . = ALIGN (0x4)
                0x000000000800b4c0                _etext = .

.vfp11_veneer   0x000000000800b4c0        0x0
 .vfp11_veneer  0x000000000800b4c0        0x0 linker stubs

.v4_bx          0x000000000800b4c0        0x0
 .v4_bx         0x000000000800b4c0        0x0 linker stubs

.iplt           0x000000000800b4c0        0x0
 .iplt          0x000000000800b4c0        0x0 d:/st/stm32cubeide_1.8.0/stm32cubeide/plugins/com.st.stm32cube.ide.mcu.externaltools.gnu-tools-for-stm32.10.3-2021.10.win32_1.0.0.202111181127/tools/bin/../lib/gcc/arm-none-eabi/10.3.1/thumb/v7e-m+fp/hard/crtbegin.o

.rodata         0x000000000800b4c0    0x56698
                0x000000000800b4c0                . = ALIGN (0x4)
 *(.rodata)
 .rodata        0x000000000800b4c0       0xef ./X-CUBE-AI/App/app_x-cube-ai.o
 *fill*         0x000000000800b5af        0x1 
 .rodata        0x000000000800b5b0       0x30 ./X-CUBE-AI/App/small_model_data.o
 *(.rodata*)
 .rodata.AHBPrescTable
                0x000000000800b5e0       0x10 ./Core/Src/system_stm32l4xx.o
                0x000000000800b5e0                AHBPrescTable
 .rodata.APBPrescTable
                0x000000000800b5f0        0x8 ./Core/Src/system_stm32l4xx.o
                0x000000000800b5f0                APBPrescTable
 .rodata.MSIRangeTable
                0x000000000800b5f8       0x30 ./Core/Src/system_stm32l4xx.o
                0x000000000800b5f8                MSIRangeTable
 .rodata.UARTPrescTable
                0x000000000800b628       0x18 ./Drivers/STM32L4xx_HAL_Driver/Src/stm32l4xx_hal_uart.o
                0x000000000800b628                UARTPrescTable
 .rodata.numerator.1
                0x000000000800b640        0x8 ./Drivers/STM32L4xx_HAL_Driver/Src/stm32l4xx_hal_uart_ex.o
 .rodata.denominator.0
                0x000000000800b648        0x8 ./Drivers/STM32L4xx_HAL_Driver/Src/stm32l4xx_hal_uart_ex.o
 .rodata.activation_6_chain
                0x000000000800b650        0x8 ./X-CUBE-AI/App/small_model.o
 .rodata.dense_1_dense_chain
                0x000000000800b658        0x8 ./X-CUBE-AI/App/small_model.o
 .rodata.activation_5_chain
                0x000000000800b660        0x8 ./X-CUBE-AI/App/small_model.o
 .rodata.dense_dense_chain
                0x000000000800b668        0x8 ./X-CUBE-AI/App/small_model.o
 .rodata.conv2d_4_conv2d_chain
                0x000000000800b670        0x8 ./X-CUBE-AI/App/small_model.o
 .rodata.conv2d_3_conv2d_chain
                0x000000000800b678        0x8 ./X-CUBE-AI/App/small_model.o
 .rodata.conv2d_2_conv2d_chain
                0x000000000800b680        0x8 ./X-CUBE-AI/App/small_model.o
 .rodata.conv2d_1_conv2d_chain
                0x000000000800b688        0x8 ./X-CUBE-AI/App/small_model.o
 .rodata.conv2d_conv2d_chain
                0x000000000800b690        0x8 ./X-CUBE-AI/App/small_model.o
 *fill*         0x000000000800b698        0x8 
 .rodata.s_small_model_weights_array_u64
                0x000000000800b6a0    0x56408 ./X-CUBE-AI/App/small_model_data_params.o
                0x000000000800b6a0                s_small_model_weights_array_u64
 .rodata._global_impure_ptr
                0x0000000008061aa8        0x4 d:/st/stm32cubeide_1.8.0/stm32cubeide/plugins/com.st.stm32cube.ide.mcu.externaltools.gnu-tools-for-stm32.10.3-2021.10.win32_1.0.0.202111181127/tools/bin/../lib/gcc/arm-none-eabi/10.3.1/../../../../arm-none-eabi/lib/thumb/v7e-m+fp/hard\libc_nano.a(lib_a-impure.o)
                0x0000000008061aa8                _global_impure_ptr
 .rodata.__sf_fake_stderr
                0x0000000008061aac       0x20 d:/st/stm32cubeide_1.8.0/stm32cubeide/plugins/com.st.stm32cube.ide.mcu.externaltools.gnu-tools-for-stm32.10.3-2021.10.win32_1.0.0.202111181127/tools/bin/../lib/gcc/arm-none-eabi/10.3.1/../../../../arm-none-eabi/lib/thumb/v7e-m+fp/hard\libc_nano.a(lib_a-findfp.o)
                0x0000000008061aac                __sf_fake_stderr
 .rodata.__sf_fake_stdin
                0x0000000008061acc       0x20 d:/st/stm32cubeide_1.8.0/stm32cubeide/plugins/com.st.stm32cube.ide.mcu.externaltools.gnu-tools-for-stm32.10.3-2021.10.win32_1.0.0.202111181127/tools/bin/../lib/gcc/arm-none-eabi/10.3.1/../../../../arm-none-eabi/lib/thumb/v7e-m+fp/hard\libc_nano.a(lib_a-findfp.o)
                0x0000000008061acc                __sf_fake_stdin
 .rodata.__sf_fake_stdout
                0x0000000008061aec       0x20 d:/st/stm32cubeide_1.8.0/stm32cubeide/plugins/com.st.stm32cube.ide.mcu.externaltools.gnu-tools-for-stm32.10.3-2021.10.win32_1.0.0.202111181127/tools/bin/../lib/gcc/arm-none-eabi/10.3.1/../../../../arm-none-eabi/lib/thumb/v7e-m+fp/hard\libc_nano.a(lib_a-findfp.o)
                0x0000000008061aec                __sf_fake_stdout
 .rodata._vfprintf_r.str1.1
                0x0000000008061b0c       0x11 d:/st/stm32cubeide_1.8.0/stm32cubeide/plugins/com.st.stm32cube.ide.mcu.externaltools.gnu-tools-for-stm32.10.3-2021.10.win32_1.0.0.202111181127/tools/bin/../lib/gcc/arm-none-eabi/10.3.1/../../../../arm-none-eabi/lib/thumb/v7e-m+fp/hard\libc_nano.a(lib_a-nano-vfprintf.o)
 .rodata._printf_i.str1.1
                0x0000000008061b1d       0x22 d:/st/stm32cubeide_1.8.0/stm32cubeide/plugins/com.st.stm32cube.ide.mcu.externaltools.gnu-tools-for-stm32.10.3-2021.10.win32_1.0.0.202111181127/tools/bin/../lib/gcc/arm-none-eabi/10.3.1/../../../../arm-none-eabi/lib/thumb/v7e-m+fp/hard\libc_nano.a(lib_a-nano-vfprintf_i.o)
 *fill*         0x0000000008061b3f        0x1 
 .rodata.halF   0x0000000008061b40        0x8 d:/st/stm32cubeide_1.8.0/stm32cubeide/plugins/com.st.stm32cube.ide.mcu.externaltools.gnu-tools-for-stm32.10.3-2021.10.win32_1.0.0.202111181127/tools/bin/../lib/gcc/arm-none-eabi/10.3.1/../../../../arm-none-eabi/lib/thumb/v7e-m+fp/hard\libm.a(lib_a-ef_exp.o)
 .rodata.ln2HI  0x0000000008061b48        0x8 d:/st/stm32cubeide_1.8.0/stm32cubeide/plugins/com.st.stm32cube.ide.mcu.externaltools.gnu-tools-for-stm32.10.3-2021.10.win32_1.0.0.202111181127/tools/bin/../lib/gcc/arm-none-eabi/10.3.1/../../../../arm-none-eabi/lib/thumb/v7e-m+fp/hard\libm.a(lib_a-ef_exp.o)
 .rodata.ln2LO  0x0000000008061b50        0x8 d:/st/stm32cubeide_1.8.0/stm32cubeide/plugins/com.st.stm32cube.ide.mcu.externaltools.gnu-tools-for-stm32.10.3-2021.10.win32_1.0.0.202111181127/tools/bin/../lib/gcc/arm-none-eabi/10.3.1/../../../../arm-none-eabi/lib/thumb/v7e-m+fp/hard\libm.a(lib_a-ef_exp.o)
                0x0000000008061b58                . = ALIGN (0x4)

.ARM.extab      0x0000000008061b58        0x0
                0x0000000008061b58                . = ALIGN (0x4)
 *(.ARM.extab* .gnu.linkonce.armextab.*)
                0x0000000008061b58                . = ALIGN (0x4)

.ARM            0x0000000008061b58        0x8
                0x0000000008061b58                . = ALIGN (0x4)
                0x0000000008061b58                __exidx_start = .
 *(.ARM.exidx*)
 .ARM.exidx     0x0000000008061b58        0x8 d:/st/stm32cubeide_1.8.0/stm32cubeide/plugins/com.st.stm32cube.ide.mcu.externaltools.gnu-tools-for-stm32.10.3-2021.10.win32_1.0.0.202111181127/tools/bin/../lib/gcc/arm-none-eabi/10.3.1/thumb/v7e-m+fp/hard\libgcc.a(_udivmoddi4.o)
                0x0000000008061b60                __exidx_end = .
                0x0000000008061b60                . = ALIGN (0x4)

.rel.dyn        0x0000000008061b60        0x0
 .rel.iplt      0x0000000008061b60        0x0 d:/st/stm32cubeide_1.8.0/stm32cubeide/plugins/com.st.stm32cube.ide.mcu.externaltools.gnu-tools-for-stm32.10.3-2021.10.win32_1.0.0.202111181127/tools/bin/../lib/gcc/arm-none-eabi/10.3.1/thumb/v7e-m+fp/hard/crtbegin.o

.preinit_array  0x0000000008061b60        0x0
                0x0000000008061b60                . = ALIGN (0x4)
                0x0000000008061b60                PROVIDE (__preinit_array_start = .)
 *(.preinit_array*)
                0x0000000008061b60                PROVIDE (__preinit_array_end = .)
                0x0000000008061b60                . = ALIGN (0x4)

.init_array     0x0000000008061b60        0x4
                0x0000000008061b60                . = ALIGN (0x4)
                0x0000000008061b60                PROVIDE (__init_array_start = .)
 *(SORT_BY_NAME(.init_array.*))
 *(.init_array*)
 .init_array    0x0000000008061b60        0x4 d:/st/stm32cubeide_1.8.0/stm32cubeide/plugins/com.st.stm32cube.ide.mcu.externaltools.gnu-tools-for-stm32.10.3-2021.10.win32_1.0.0.202111181127/tools/bin/../lib/gcc/arm-none-eabi/10.3.1/thumb/v7e-m+fp/hard/crtbegin.o
                0x0000000008061b64                PROVIDE (__init_array_end = .)
                0x0000000008061b64                . = ALIGN (0x4)

.fini_array     0x0000000008061b64        0x4
                0x0000000008061b64                . = ALIGN (0x4)
                [!provide]                        PROVIDE (__fini_array_start = .)
 *(SORT_BY_NAME(.fini_array.*))
 *(.fini_array*)
 .fini_array    0x0000000008061b64        0x4 d:/st/stm32cubeide_1.8.0/stm32cubeide/plugins/com.st.stm32cube.ide.mcu.externaltools.gnu-tools-for-stm32.10.3-2021.10.win32_1.0.0.202111181127/tools/bin/../lib/gcc/arm-none-eabi/10.3.1/thumb/v7e-m+fp/hard/crtbegin.o
                [!provide]                        PROVIDE (__fini_array_end = .)
                0x0000000008061b68                . = ALIGN (0x4)
                0x0000000008061b68                _sidata = LOADADDR (.data)

.data           0x0000000020000000      0xf6c load address 0x0000000008061b68
                0x0000000020000000                . = ALIGN (0x4)
                0x0000000020000000                _sdata = .
 *(.data)
 *(.data*)
 .data.SystemCoreClock
                0x0000000020000000        0x4 ./Core/Src/system_stm32l4xx.o
                0x0000000020000000                SystemCoreClock
 .data.uwTickPrio
                0x0000000020000004        0x4 ./Drivers/STM32L4xx_HAL_Driver/Src/stm32l4xx_hal.o
                0x0000000020000004                uwTickPrio
 .data.uwTickFreq
                0x0000000020000008        0x1 ./Drivers/STM32L4xx_HAL_Driver/Src/stm32l4xx_hal.o
                0x0000000020000008                uwTickFreq
 *fill*         0x0000000020000009        0x3 
 .data.data_activations0
                0x000000002000000c        0x4 ./X-CUBE-AI/App/app_x-cube-ai.o
                0x000000002000000c                data_activations0
 .data.input_0_output_array
                0x0000000020000010       0x10 ./X-CUBE-AI/App/small_model.o
 .data.conv2d_conv2d_output_array
                0x0000000020000020       0x10 ./X-CUBE-AI/App/small_model.o
 .data.conv2d_1_conv2d_output_array
                0x0000000020000030       0x10 ./X-CUBE-AI/App/small_model.o
 .data.conv2d_2_conv2d_output_array
                0x0000000020000040       0x10 ./X-CUBE-AI/App/small_model.o
 .data.conv2d_3_conv2d_output_array
                0x0000000020000050       0x10 ./X-CUBE-AI/App/small_model.o
 .data.conv2d_4_conv2d_output_array
                0x0000000020000060       0x10 ./X-CUBE-AI/App/small_model.o
 .data.dense_dense_output_array
                0x0000000020000070       0x10 ./X-CUBE-AI/App/small_model.o
 .data.activation_5_output_array
                0x0000000020000080       0x10 ./X-CUBE-AI/App/small_model.o
 .data.dense_1_dense_output_array
                0x0000000020000090       0x10 ./X-CUBE-AI/App/small_model.o
 .data.activation_6_output_array
                0x00000000200000a0       0x10 ./X-CUBE-AI/App/small_model.o
 .data.conv2d_conv2d_weights_array
                0x00000000200000b0       0x10 ./X-CUBE-AI/App/small_model.o
 .data.conv2d_conv2d_bias_array
                0x00000000200000c0       0x10 ./X-CUBE-AI/App/small_model.o
 .data.conv2d_1_conv2d_weights_array
                0x00000000200000d0       0x10 ./X-CUBE-AI/App/small_model.o
 .data.conv2d_1_conv2d_bias_array
                0x00000000200000e0       0x10 ./X-CUBE-AI/App/small_model.o
 .data.conv2d_2_conv2d_weights_array
                0x00000000200000f0       0x10 ./X-CUBE-AI/App/small_model.o
 .data.conv2d_2_conv2d_bias_array
                0x0000000020000100       0x10 ./X-CUBE-AI/App/small_model.o
 .data.conv2d_3_conv2d_weights_array
                0x0000000020000110       0x10 ./X-CUBE-AI/App/small_model.o
 .data.conv2d_3_conv2d_bias_array
                0x0000000020000120       0x10 ./X-CUBE-AI/App/small_model.o
 .data.conv2d_4_conv2d_weights_array
                0x0000000020000130       0x10 ./X-CUBE-AI/App/small_model.o
 .data.conv2d_4_conv2d_bias_array
                0x0000000020000140       0x10 ./X-CUBE-AI/App/small_model.o
 .data.dense_dense_weights_array
                0x0000000020000150       0x10 ./X-CUBE-AI/App/small_model.o
 .data.dense_dense_bias_array
                0x0000000020000160       0x10 ./X-CUBE-AI/App/small_model.o
 .data.dense_1_dense_weights_array
                0x0000000020000170       0x10 ./X-CUBE-AI/App/small_model.o
 .data.dense_1_dense_bias_array
                0x0000000020000180       0x10 ./X-CUBE-AI/App/small_model.o
 .data.conv2d_conv2d_scratch0_array
                0x0000000020000190       0x10 ./X-CUBE-AI/App/small_model.o
 .data.conv2d_1_conv2d_scratch0_array
                0x00000000200001a0       0x10 ./X-CUBE-AI/App/small_model.o
 .data.conv2d_2_conv2d_scratch0_array
                0x00000000200001b0       0x10 ./X-CUBE-AI/App/small_model.o
 .data.conv2d_3_conv2d_scratch0_array
                0x00000000200001c0       0x10 ./X-CUBE-AI/App/small_model.o
 .data.conv2d_4_conv2d_scratch0_array
                0x00000000200001d0       0x10 ./X-CUBE-AI/App/small_model.o
 .data.__compound_literal.0
                0x00000000200001e0       0x10 ./X-CUBE-AI/App/small_model.o
 .data.__compound_literal.1
                0x00000000200001f0       0x10 ./X-CUBE-AI/App/small_model.o
 .data.input_0_output
                0x0000000020000200       0x1c ./X-CUBE-AI/App/small_model.o
 .data.__compound_literal.2
                0x000000002000021c       0x10 ./X-CUBE-AI/App/small_model.o
 .data.__compound_literal.3
                0x000000002000022c       0x10 ./X-CUBE-AI/App/small_model.o
 .data.conv2d_conv2d_output
                0x000000002000023c       0x1c ./X-CUBE-AI/App/small_model.o
 .data.__compound_literal.4
                0x0000000020000258       0x10 ./X-CUBE-AI/App/small_model.o
 .data.__compound_literal.5
                0x0000000020000268       0x10 ./X-CUBE-AI/App/small_model.o
 .data.conv2d_1_conv2d_output
                0x0000000020000278       0x1c ./X-CUBE-AI/App/small_model.o
 .data.__compound_literal.6
                0x0000000020000294       0x10 ./X-CUBE-AI/App/small_model.o
 .data.__compound_literal.7
                0x00000000200002a4       0x10 ./X-CUBE-AI/App/small_model.o
 .data.conv2d_2_conv2d_output
                0x00000000200002b4       0x1c ./X-CUBE-AI/App/small_model.o
 .data.__compound_literal.8
                0x00000000200002d0       0x10 ./X-CUBE-AI/App/small_model.o
 .data.__compound_literal.9
                0x00000000200002e0       0x10 ./X-CUBE-AI/App/small_model.o
 .data.conv2d_3_conv2d_output
                0x00000000200002f0       0x1c ./X-CUBE-AI/App/small_model.o
 .data.__compound_literal.10
                0x000000002000030c       0x10 ./X-CUBE-AI/App/small_model.o
 .data.__compound_literal.11
                0x000000002000031c       0x10 ./X-CUBE-AI/App/small_model.o
 .data.conv2d_4_conv2d_output
                0x000000002000032c       0x1c ./X-CUBE-AI/App/small_model.o
 .data.__compound_literal.12
                0x0000000020000348       0x10 ./X-CUBE-AI/App/small_model.o
 .data.__compound_literal.13
                0x0000000020000358       0x10 ./X-CUBE-AI/App/small_model.o
 .data.conv2d_4_conv2d_output0
                0x0000000020000368       0x1c ./X-CUBE-AI/App/small_model.o
 .data.__compound_literal.14
                0x0000000020000384       0x10 ./X-CUBE-AI/App/small_model.o
 .data.__compound_literal.15
                0x0000000020000394       0x10 ./X-CUBE-AI/App/small_model.o
 .data.dense_dense_output
                0x00000000200003a4       0x1c ./X-CUBE-AI/App/small_model.o
 .data.__compound_literal.16
                0x00000000200003c0       0x10 ./X-CUBE-AI/App/small_model.o
 .data.__compound_literal.17
                0x00000000200003d0       0x10 ./X-CUBE-AI/App/small_model.o
 .data.activation_5_output
                0x00000000200003e0       0x1c ./X-CUBE-AI/App/small_model.o
 .data.__compound_literal.18
                0x00000000200003fc       0x10 ./X-CUBE-AI/App/small_model.o
 .data.__compound_literal.19
                0x000000002000040c       0x10 ./X-CUBE-AI/App/small_model.o
 .data.dense_1_dense_output
                0x000000002000041c       0x1c ./X-CUBE-AI/App/small_model.o
 .data.__compound_literal.20
                0x0000000020000438       0x10 ./X-CUBE-AI/App/small_model.o
 .data.__compound_literal.21
                0x0000000020000448       0x10 ./X-CUBE-AI/App/small_model.o
 .data.activation_6_output
                0x0000000020000458       0x1c ./X-CUBE-AI/App/small_model.o
 .data.__compound_literal.22
                0x0000000020000474       0x10 ./X-CUBE-AI/App/small_model.o
 .data.__compound_literal.23
                0x0000000020000484       0x10 ./X-CUBE-AI/App/small_model.o
 .data.conv2d_conv2d_weights
                0x0000000020000494       0x1c ./X-CUBE-AI/App/small_model.o
 .data.__compound_literal.24
                0x00000000200004b0       0x10 ./X-CUBE-AI/App/small_model.o
 .data.__compound_literal.25
                0x00000000200004c0       0x10 ./X-CUBE-AI/App/small_model.o
 .data.conv2d_conv2d_bias
                0x00000000200004d0       0x1c ./X-CUBE-AI/App/small_model.o
 .data.__compound_literal.26
                0x00000000200004ec       0x10 ./X-CUBE-AI/App/small_model.o
 .data.__compound_literal.27
                0x00000000200004fc       0x10 ./X-CUBE-AI/App/small_model.o
 .data.conv2d_1_conv2d_weights
                0x000000002000050c       0x1c ./X-CUBE-AI/App/small_model.o
 .data.__compound_literal.28
                0x0000000020000528       0x10 ./X-CUBE-AI/App/small_model.o
 .data.__compound_literal.29
                0x0000000020000538       0x10 ./X-CUBE-AI/App/small_model.o
 .data.conv2d_1_conv2d_bias
                0x0000000020000548       0x1c ./X-CUBE-AI/App/small_model.o
 .data.__compound_literal.30
                0x0000000020000564       0x10 ./X-CUBE-AI/App/small_model.o
 .data.__compound_literal.31
                0x0000000020000574       0x10 ./X-CUBE-AI/App/small_model.o
 .data.conv2d_2_conv2d_weights
                0x0000000020000584       0x1c ./X-CUBE-AI/App/small_model.o
 .data.__compound_literal.32
                0x00000000200005a0       0x10 ./X-CUBE-AI/App/small_model.o
 .data.__compound_literal.33
                0x00000000200005b0       0x10 ./X-CUBE-AI/App/small_model.o
 .data.conv2d_2_conv2d_bias
                0x00000000200005c0       0x1c ./X-CUBE-AI/App/small_model.o
 .data.__compound_literal.34
                0x00000000200005dc       0x10 ./X-CUBE-AI/App/small_model.o
 .data.__compound_literal.35
                0x00000000200005ec       0x10 ./X-CUBE-AI/App/small_model.o
 .data.conv2d_3_conv2d_weights
                0x00000000200005fc       0x1c ./X-CUBE-AI/App/small_model.o
 .data.__compound_literal.36
                0x0000000020000618       0x10 ./X-CUBE-AI/App/small_model.o
 .data.__compound_literal.37
                0x0000000020000628       0x10 ./X-CUBE-AI/App/small_model.o
 .data.conv2d_3_conv2d_bias
                0x0000000020000638       0x1c ./X-CUBE-AI/App/small_model.o
 .data.__compound_literal.38
                0x0000000020000654       0x10 ./X-CUBE-AI/App/small_model.o
 .data.__compound_literal.39
                0x0000000020000664       0x10 ./X-CUBE-AI/App/small_model.o
 .data.conv2d_4_conv2d_weights
                0x0000000020000674       0x1c ./X-CUBE-AI/App/small_model.o
 .data.__compound_literal.40
                0x0000000020000690       0x10 ./X-CUBE-AI/App/small_model.o
 .data.__compound_literal.41
                0x00000000200006a0       0x10 ./X-CUBE-AI/App/small_model.o
 .data.conv2d_4_conv2d_bias
                0x00000000200006b0       0x1c ./X-CUBE-AI/App/small_model.o
 .data.__compound_literal.42
                0x00000000200006cc       0x10 ./X-CUBE-AI/App/small_model.o
 .data.__compound_literal.43
                0x00000000200006dc       0x10 ./X-CUBE-AI/App/small_model.o
 .data.dense_dense_weights
                0x00000000200006ec       0x1c ./X-CUBE-AI/App/small_model.o
 .data.__compound_literal.44
                0x0000000020000708       0x10 ./X-CUBE-AI/App/small_model.o
 .data.__compound_literal.45
                0x0000000020000718       0x10 ./X-CUBE-AI/App/small_model.o
 .data.dense_dense_bias
                0x0000000020000728       0x1c ./X-CUBE-AI/App/small_model.o
 .data.__compound_literal.46
                0x0000000020000744       0x10 ./X-CUBE-AI/App/small_model.o
 .data.__compound_literal.47
                0x0000000020000754       0x10 ./X-CUBE-AI/App/small_model.o
 .data.dense_1_dense_weights
                0x0000000020000764       0x1c ./X-CUBE-AI/App/small_model.o
 .data.__compound_literal.48
                0x0000000020000780       0x10 ./X-CUBE-AI/App/small_model.o
 .data.__compound_literal.49
                0x0000000020000790       0x10 ./X-CUBE-AI/App/small_model.o
 .data.dense_1_dense_bias
                0x00000000200007a0       0x1c ./X-CUBE-AI/App/small_model.o
 .data.__compound_literal.50
                0x00000000200007bc       0x10 ./X-CUBE-AI/App/small_model.o
 .data.__compound_literal.51
                0x00000000200007cc       0x10 ./X-CUBE-AI/App/small_model.o
 .data.conv2d_conv2d_scratch0
                0x00000000200007dc       0x1c ./X-CUBE-AI/App/small_model.o
 .data.__compound_literal.52
                0x00000000200007f8       0x10 ./X-CUBE-AI/App/small_model.o
 .data.__compound_literal.53
                0x0000000020000808       0x10 ./X-CUBE-AI/App/small_model.o
 .data.conv2d_1_conv2d_scratch0
                0x0000000020000818       0x1c ./X-CUBE-AI/App/small_model.o
 .data.__compound_literal.54
                0x0000000020000834       0x10 ./X-CUBE-AI/App/small_model.o
 .data.__compound_literal.55
                0x0000000020000844       0x10 ./X-CUBE-AI/App/small_model.o
 .data.conv2d_2_conv2d_scratch0
                0x0000000020000854       0x1c ./X-CUBE-AI/App/small_model.o
 .data.__compound_literal.56
                0x0000000020000870       0x10 ./X-CUBE-AI/App/small_model.o
 .data.__compound_literal.57
                0x0000000020000880       0x10 ./X-CUBE-AI/App/small_model.o
 .data.conv2d_3_conv2d_scratch0
                0x0000000020000890       0x1c ./X-CUBE-AI/App/small_model.o
 .data.__compound_literal.58
                0x00000000200008ac       0x10 ./X-CUBE-AI/App/small_model.o
 .data.__compound_literal.59
                0x00000000200008bc       0x10 ./X-CUBE-AI/App/small_model.o
 .data.conv2d_4_conv2d_scratch0
                0x00000000200008cc       0x1c ./X-CUBE-AI/App/small_model.o
 .data.__compound_literal.60
                0x00000000200008e8        0x4 ./X-CUBE-AI/App/small_model.o
 .data.__compound_literal.61
                0x00000000200008ec        0x4 ./X-CUBE-AI/App/small_model.o
 .data.__compound_literal.64
                0x00000000200008f0       0x30 ./X-CUBE-AI/App/small_model.o
 .data.activation_6_layer
                0x0000000020000920       0x20 ./X-CUBE-AI/App/small_model.o
 .data.__compound_literal.65
                0x0000000020000940        0x4 ./X-CUBE-AI/App/small_model.o
 .data.__compound_literal.66
                0x0000000020000944        0x4 ./X-CUBE-AI/App/small_model.o
 .data.__compound_literal.67
                0x0000000020000948        0x8 ./X-CUBE-AI/App/small_model.o
 .data.__compound_literal.69
                0x0000000020000950       0x30 ./X-CUBE-AI/App/small_model.o
 .data.dense_1_dense_layer
                0x0000000020000980       0x1c ./X-CUBE-AI/App/small_model.o
 .data.__compound_literal.70
                0x000000002000099c        0x4 ./X-CUBE-AI/App/small_model.o
 .data.__compound_literal.71
                0x00000000200009a0        0x4 ./X-CUBE-AI/App/small_model.o
 .data.__compound_literal.74
                0x00000000200009a4       0x30 ./X-CUBE-AI/App/small_model.o
 .data.activation_5_layer
                0x00000000200009d4       0x20 ./X-CUBE-AI/App/small_model.o
 .data.__compound_literal.75
                0x00000000200009f4        0x4 ./X-CUBE-AI/App/small_model.o
 .data.__compound_literal.76
                0x00000000200009f8        0x4 ./X-CUBE-AI/App/small_model.o
 .data.__compound_literal.77
                0x00000000200009fc        0x8 ./X-CUBE-AI/App/small_model.o
 .data.__compound_literal.79
                0x0000000020000a04       0x30 ./X-CUBE-AI/App/small_model.o
 .data.dense_dense_layer
                0x0000000020000a34       0x1c ./X-CUBE-AI/App/small_model.o
 .data.__compound_literal.80
                0x0000000020000a50        0x4 ./X-CUBE-AI/App/small_model.o
 .data.__compound_literal.81
                0x0000000020000a54        0x4 ./X-CUBE-AI/App/small_model.o
 .data.__compound_literal.82
                0x0000000020000a58        0xc ./X-CUBE-AI/App/small_model.o
 .data.__compound_literal.83
                0x0000000020000a64        0x4 ./X-CUBE-AI/App/small_model.o
 .data.__compound_literal.84
                0x0000000020000a68       0x30 ./X-CUBE-AI/App/small_model.o
 .data.__compound_literal.85
                0x0000000020000a98       0x10 ./X-CUBE-AI/App/small_model.o
 .data.conv2d_4_conv2d_layer
                0x0000000020000aa8       0x5c ./X-CUBE-AI/App/small_model.o
 .data.__compound_literal.87
                0x0000000020000b04        0x4 ./X-CUBE-AI/App/small_model.o
 .data.__compound_literal.88
                0x0000000020000b08        0x4 ./X-CUBE-AI/App/small_model.o
 .data.__compound_literal.89
                0x0000000020000b0c        0xc ./X-CUBE-AI/App/small_model.o
 .data.__compound_literal.90
                0x0000000020000b18        0x4 ./X-CUBE-AI/App/small_model.o
 .data.__compound_literal.91
                0x0000000020000b1c       0x30 ./X-CUBE-AI/App/small_model.o
 .data.__compound_literal.92
                0x0000000020000b4c       0x10 ./X-CUBE-AI/App/small_model.o
 .data.conv2d_3_conv2d_layer
                0x0000000020000b5c       0x5c ./X-CUBE-AI/App/small_model.o
 .data.__compound_literal.94
                0x0000000020000bb8        0x4 ./X-CUBE-AI/App/small_model.o
 .data.__compound_literal.95
                0x0000000020000bbc        0x4 ./X-CUBE-AI/App/small_model.o
 .data.__compound_literal.96
                0x0000000020000bc0        0xc ./X-CUBE-AI/App/small_model.o
 .data.__compound_literal.97
                0x0000000020000bcc        0x4 ./X-CUBE-AI/App/small_model.o
 .data.__compound_literal.98
                0x0000000020000bd0       0x30 ./X-CUBE-AI/App/small_model.o
 .data.__compound_literal.99
                0x0000000020000c00       0x10 ./X-CUBE-AI/App/small_model.o
 .data.conv2d_2_conv2d_layer
                0x0000000020000c10       0x5c ./X-CUBE-AI/App/small_model.o
 .data.__compound_literal.101
                0x0000000020000c6c        0x4 ./X-CUBE-AI/App/small_model.o
 .data.__compound_literal.102
                0x0000000020000c70        0x4 ./X-CUBE-AI/App/small_model.o
 .data.__compound_literal.103
                0x0000000020000c74        0xc ./X-CUBE-AI/App/small_model.o
 .data.__compound_literal.104
                0x0000000020000c80        0x4 ./X-CUBE-AI/App/small_model.o
 .data.__compound_literal.105
                0x0000000020000c84       0x30 ./X-CUBE-AI/App/small_model.o
 .data.__compound_literal.106
                0x0000000020000cb4       0x10 ./X-CUBE-AI/App/small_model.o
 .data.conv2d_1_conv2d_layer
                0x0000000020000cc4       0x5c ./X-CUBE-AI/App/small_model.o
 .data.__compound_literal.108
                0x0000000020000d20        0x4 ./X-CUBE-AI/App/small_model.o
 .data.__compound_literal.109
                0x0000000020000d24        0x4 ./X-CUBE-AI/App/small_model.o
 .data.__compound_literal.110
                0x0000000020000d28        0xc ./X-CUBE-AI/App/small_model.o
 .data.__compound_literal.111
                0x0000000020000d34        0x4 ./X-CUBE-AI/App/small_model.o
 .data.__compound_literal.112
                0x0000000020000d38       0x30 ./X-CUBE-AI/App/small_model.o
 .data.__compound_literal.113
                0x0000000020000d68       0x10 ./X-CUBE-AI/App/small_model.o
 .data.conv2d_conv2d_layer
                0x0000000020000d78       0x5c ./X-CUBE-AI/App/small_model.o
 .data.__compound_literal.115
                0x0000000020000dd4       0x10 ./X-CUBE-AI/App/small_model.o
 .data.__compound_literal.116
                0x0000000020000de4       0x1c ./X-CUBE-AI/App/small_model.o
 .data.__compound_literal.117
                0x0000000020000e00       0x10 ./X-CUBE-AI/App/small_model.o
 .data.__compound_literal.118
                0x0000000020000e10       0x1c ./X-CUBE-AI/App/small_model.o
 .data.__compound_literal.119
                0x0000000020000e2c        0x4 ./X-CUBE-AI/App/small_model.o
 .data.__compound_literal.123
                0x0000000020000e30        0xc ./X-CUBE-AI/App/small_model.o
 .data.__compound_literal.124
                0x0000000020000e3c        0x4 ./X-CUBE-AI/App/small_model.o
 .data.__compound_literal.128