../Core/Src/main.c:90:5:main	8	static
../Core/Src/main.c:144:6:SystemClock_Config	256	static
../Core/Src/main.c:215:13:MX_CRC_Init	8	static
../Core/Src/main.c:246:13:MX_I2C1_Init	8	static
../Core/Src/main.c:292:13:MX_SAI1_Init	8	static
../Core/Src/main.c:345:13:MX_SDMMC1_SD_Init	8	static
../Core/Src/main.c:377:13:MX_SPI2_Init	8	static
../Core/Src/main.c:417:13:MX_USART2_UART_Init	8	static
../Core/Src/main.c:465:13:MX_USART3_UART_Init	8	static
../Core/Src/main.c:513:13:MX_USB_OTG_FS_PCD_Init	8	static
../Core/Src/main.c:543:13:MX_FMC_Init	40	static
../Core/Src/main.c:603:13:MX_GPIO_Init	64	static
../Core/Src/main.c:819:6:Error_Handler	4	static,ignoring_inline_asm
